2026-06-24 16:30:24.440 [main] INFO  crm.CrmApplication - ===================================================
2026-06-24 16:30:24.456 [main] INFO  crm.CrmApplication - Starting CRM Training IT
2026-06-24 16:30:24.456 [main] INFO  crm.CrmApplication - ===================================================
2026-06-24 16:30:24.464 [main] INFO  crm.config.AppConfig - Valori default încărcate
2026-06-24 16:30:24.464 [main] WARN  crm.config.AppConfig - Fișier nu găsit, folosesc valori default
2026-06-24 16:30:24.464 [main] INFO  crm.CrmApplication - Application: CRM Training IT v1.0.0
2026-06-24 16:30:24.479 [main] INFO  com.zaxxer.hikari.HikariDataSource - CrmHikariPool - Starting...
2026-06-24 16:30:24.719 [main] INFO  com.zaxxer.hikari.HikariDataSource - CrmHikariPool - Start completed.
2026-06-24 16:30:24.719 [main] INFO  crm.config.DatabaseConnection - Connection pool inițializat cu succes (size: 20)
2026-06-24 16:30:24.719 [main] INFO  crm.CrmApplication - Database connection initialized
2026-06-24 16:30:24.731 [main] INFO  crm.observer.EventBus - Observer global înregistrat: AuditLogObserver
2026-06-24 16:30:24.731 [main] INFO  crm.observer.EventBus - Observer înregistrat pentru evenimentul 'CONTACT_CREATED': WelcomeEmailObserver
2026-06-24 16:30:24.731 [main] INFO  crm.observer.EventBus - Observer înregistrat pentru evenimentul 'ENROLLMENT_CREATED': EnrollmentConfirmationObserver
2026-06-24 16:30:24.731 [main] INFO  crm.observer.EventBus - Observer înregistrat pentru evenimentul 'ACTIVITY_COMPLETED': LeadScoreUpdateObserver
2026-06-24 16:30:24.731 [main] INFO  crm.CrmApplication - Observers registered
2026-06-24 16:46:40.458 [Thread-0] INFO  crm.CrmApplication - Shutting down application resources
2026-06-24 16:46:40.458 [Thread-0] INFO  com.zaxxer.hikari.HikariDataSource - CrmHikariPool - Shutdown initiated...
2026-06-24 16:46:40.463 [Thread-0] INFO  com.zaxxer.hikari.HikariDataSource - CrmHikariPool - Shutdown completed.
2026-06-24 16:46:40.463 [Thread-0] INFO  crm.config.DatabaseConnection - Connection pool închis
2026-06-24 16:46:40.463 [Thread-0] INFO  crm.CrmApplication - Application stopped
2026-06-24 16:49:40.284 [main] INFO  crm.CrmApplication - ===================================================
2026-06-24 16:49:40.286 [main] INFO  crm.CrmApplication - Starting CRM Training IT
2026-06-24 16:49:40.286 [main] INFO  crm.CrmApplication - ===================================================
2026-06-24 16:49:40.290 [main] INFO  crm.config.AppConfig - Valori default încărcate
2026-06-24 16:49:40.290 [main] WARN  crm.config.AppConfig - Fișier nu găsit, folosesc valori default
2026-06-24 16:49:40.290 [main] INFO  crm.CrmApplication - Application: CRM Training IT v1.0.0
2026-06-24 16:49:40.314 [main] INFO  com.zaxxer.hikari.HikariDataSource - CrmHikariPool - Starting...
2026-06-24 16:49:40.519 [main] INFO  com.zaxxer.hikari.HikariDataSource - CrmHikariPool - Start completed.
2026-06-24 16:49:40.519 [main] INFO  crm.config.DatabaseConnection - Connection pool inițializat cu succes (size: 20)
2026-06-24 16:49:40.519 [main] INFO  crm.CrmApplication - Database connection initialized
2026-06-24 16:49:40.524 [main] INFO  crm.observer.EventBus - Observer global înregistrat: AuditLogObserver
2026-06-24 16:49:40.530 [main] INFO  crm.observer.EventBus - Observer înregistrat pentru evenimentul 'CONTACT_CREATED': WelcomeEmailObserver
2026-06-24 16:49:40.534 [main] INFO  crm.observer.EventBus - Observer înregistrat pentru evenimentul 'ENROLLMENT_CREATED': EnrollmentConfirmationObserver
2026-06-24 16:49:40.534 [main] INFO  crm.observer.EventBus - Observer înregistrat pentru evenimentul 'ACTIVITY_COMPLETED': LeadScoreUpdateObserver
2026-06-24 16:49:40.534 [main] INFO  crm.CrmApplication - Observers registered
2026-06-24 16:49:40.672 [main] INFO  crm.facade.CrmFacade - CrmFacade inițializat
2026-06-24 16:50:36.347 [Thread-1] INFO  crm.CrmApplication - Shutting down application resources
2026-06-24 16:50:36.347 [Thread-1] INFO  com.zaxxer.hikari.HikariDataSource - CrmHikariPool - Shutdown initiated...
2026-06-24 16:50:36.352 [Thread-1] INFO  com.zaxxer.hikari.HikariDataSource - CrmHikariPool - Shutdown completed.
2026-06-24 16:50:36.352 [Thread-1] INFO  crm.config.DatabaseConnection - Connection pool închis
2026-06-24 16:50:36.352 [Thread-1] INFO  crm.CrmApplication - Application stopped
2026-06-24 16:51:13.807 [main] INFO  crm.CrmApplication - ===================================================
2026-06-24 16:51:13.807 [main] INFO  crm.CrmApplication - Starting CRM Training IT
2026-06-24 16:51:13.807 [main] INFO  crm.CrmApplication - ===================================================
2026-06-24 16:51:13.807 [main] INFO  crm.config.AppConfig - Valori default încărcate
2026-06-24 16:51:13.807 [main] WARN  crm.config.AppConfig - Fișier nu găsit, folosesc valori default
2026-06-24 16:51:13.807 [main] INFO  crm.CrmApplication - Application: CRM Training IT v1.0.0
2026-06-24 16:51:13.830 [main] INFO  com.zaxxer.hikari.HikariDataSource - CrmHikariPool - Starting...
2026-06-24 16:51:13.996 [main] INFO  com.zaxxer.hikari.HikariDataSource - CrmHikariPool - Start completed.
2026-06-24 16:51:13.996 [main] INFO  crm.config.DatabaseConnection - Connection pool inițializat cu succes (size: 20)
2026-06-24 16:51:13.996 [main] INFO  crm.CrmApplication - Database connection initialized
2026-06-24 16:51:13.996 [main] INFO  crm.observer.EventBus - Observer global înregistrat: AuditLogObserver
2026-06-24 16:51:13.996 [main] INFO  crm.observer.EventBus - Observer înregistrat pentru evenimentul 'CONTACT_CREATED': WelcomeEmailObserver
2026-06-24 16:51:14.005 [main] INFO  crm.observer.EventBus - Observer înregistrat pentru evenimentul 'ENROLLMENT_CREATED': EnrollmentConfirmationObserver
2026-06-24 16:51:14.005 [main] INFO  crm.observer.EventBus - Observer înregistrat pentru evenimentul 'ACTIVITY_COMPLETED': LeadScoreUpdateObserver
2026-06-24 16:51:14.005 [main] INFO  crm.CrmApplication - Observers registered
2026-06-24 17:04:28.359 [AWT-EventQueue-0] DEBUG crm.repository.ActivityRepository - Salvare Activity : Activity(super=crm.model.entity.Activity@59d73e5e, activityType=MEETING, contactId=6, opportunityId=null, subject=JAVA-ADV-MEET, description=null, scheduledDate=2026-06-19T11:17:36, completedDate=2026-06-24T17:04:28.359, durationMinutes=60, assignedTo=1, status=COMPLETED, priority=HIGH, outcome=GOOD, nextSteps=, requiresFollowup=false, followupDate=null, createdBy=null)
2026-06-24 17:04:28.370 [AWT-EventQueue-0] DEBUG crm.dao.ActivityDao - Entitate actualizată în activities: ID=8
2026-06-24 17:04:28.370 [AWT-EventQueue-0] DEBUG crm.observer.EventBus - Notificare eveniment: ACTIVITY_COMPLETED de la ActivityService
2026-06-24 17:04:28.386 [AWT-EventQueue-0] DEBUG crm.repository.ContactRepository - Salvare Contact : Contact(super=crm.model.entity.Contact@edb297d, contactType=INDIVIDUAL, firstName=Mihai, lastName=Radulescu, birthDate=null, companyName=null, fiscalCode=null, registrationNumber=null, industry=null, employeeCount=null, email=mihai.radulescu04@e-uvt.ro, phone=+40 768737531, addressStreet=null, addressCity=null, addressCounty=null, addressPostalCode=null, leadSource=WEBSITE, leadStatus=INTERESTED, leadScore=100, experienceLevel=BEGINNER, learningGoal=Reconversie profesională, firstContactDate=2026-06-03T19:09:32, lastContactDate=2026-06-18T11:14:30, assignedTo=null, gdprConsent=true, gdprConsentDate=2026-06-03T19:09:33, marketingConsent=false)
2026-06-24 17:04:28.386 [AWT-EventQueue-0] DEBUG crm.dao.ContactDao - Entitate actualizată în contacts: ID=6
2026-06-24 17:04:28.386 [AWT-EventQueue-0] INFO  crm.service.contact.ContactService - Scor actualizat pentru contact 6: 100 -> 100 (MEETING_ATTENDED)
2026-06-24 17:04:28.386 [AWT-EventQueue-0] DEBUG crm.observer.listeners.LeadScoreUpdateObserver - Scor lead actualizat pentru contact 6 după activitate MEETING_ATTENDED
2026-06-24 17:04:28.386 [AWT-EventQueue-0] INFO  crm.service.activity.ActivityService - Activitate finalizată: 8
2026-06-24 18:23:32.463 [AWT-EventQueue-0] INFO  crm.service.contact.ContactService - Creare contact: flavius.cornelius@gmail.com
2026-06-24 18:23:32.479 [AWT-EventQueue-0] DEBUG crm.strategy.LeadScoringContext - Scor inițial pentru contact flavius.cornelius@gmail.com (strategie: SimpleLeadScoring): 85
2026-06-24 18:23:32.479 [AWT-EventQueue-0] DEBUG crm.repository.ContactRepository - Salvare Contact : Contact(super=crm.model.entity.Contact@edb297d, contactType=INDIVIDUAL, firstName=Flavius, lastName=Cornelius, birthDate=null, companyName=null, fiscalCode=null, registrationNumber=null, industry=null, employeeCount=null, email=flavius.cornelius@gmail.com, phone=0768676564, addressStreet=Izlaz, addressCity=Timisoara, addressCounty=Timis, addressPostalCode=300013, leadSource=COLD_CALL, leadStatus=ENROLLED, leadScore=85, experienceLevel=ADVANCED, learningGoal=To study., firstContactDate=2026-06-24T18:23:32.463, lastContactDate=2026-06-24T18:23:32.479, assignedTo=null, gdprConsent=true, gdprConsentDate=2026-06-24T18:23:32.463, marketingConsent=true)
2026-06-24 18:23:32.495 [AWT-EventQueue-0] DEBUG crm.dao.ContactDao - Entitate salvată în contacts: ID=16
2026-06-24 18:23:32.495 [AWT-EventQueue-0] DEBUG crm.observer.EventBus - Notificare eveniment: CONTACT_CREATED de la ContactService
2026-06-24 18:23:32.511 [AWT-EventQueue-0] INFO  crm.service.notification.NotificationService - [EMAIL] Către: flavius.cornelius@gmail.com, Subiect: Bine ai venit la Training IT!
2026-06-24 18:23:32.511 [AWT-EventQueue-0] DEBUG crm.service.notification.NotificationService - Conținut:
Salut Flavius Cornelius,

Îți mulțumim pentru interesul față de cursurile noastre!

Suntem o companie specializată în training IT și oferim cursuri de Java, Python, AI și multe altele.

Un consultant te va contacta în curând pentru a discuta opțiunile potrivite.

Cu drag,
Echipa Training IT
2026-06-24 18:23:32.511 [AWT-EventQueue-0] INFO  crm.observer.listeners.WelcomeEmailObserver - Welcome email trimis către: flavius.cornelius@gmail.com
2026-06-24 18:23:32.511 [AWT-EventQueue-0] INFO  crm.service.contact.ContactService - Contact creat cu ID: 16 (scor: 85)
2026-06-24 18:24:09.525 [Thread-1] INFO  crm.CrmApplication - Shutting down application resources
2026-06-24 18:24:09.525 [Thread-1] INFO  com.zaxxer.hikari.HikariDataSource - CrmHikariPool - Shutdown initiated...
2026-06-24 18:24:09.530 [Thread-1] INFO  com.zaxxer.hikari.HikariDataSource - CrmHikariPool - Shutdown completed.
2026-06-24 18:24:09.530 [Thread-1] INFO  crm.config.DatabaseConnection - Connection pool închis
2026-06-24 18:24:09.530 [Thread-1] INFO  crm.CrmApplication - Application stopped
2026-06-24 22:14:00.530 [main] INFO  crm.CrmApplication - ===================================================
2026-06-24 22:14:00.530 [main] INFO  crm.CrmApplication - Starting CRM Training IT
2026-06-24 22:14:00.530 [main] INFO  crm.CrmApplication - ===================================================
2026-06-24 22:14:00.530 [main] INFO  crm.config.AppConfig - Valori default încărcate
2026-06-24 22:14:00.530 [main] WARN  crm.config.AppConfig - Fișier nu găsit, folosesc valori default
2026-06-24 22:14:00.530 [main] INFO  crm.CrmApplication - Application: CRM Training IT v1.0.0
2026-06-24 22:14:00.552 [main] INFO  com.zaxxer.hikari.HikariDataSource - CrmHikariPool - Starting...
2026-06-24 22:14:00.743 [main] INFO  com.zaxxer.hikari.HikariDataSource - CrmHikariPool - Start completed.
2026-06-24 22:14:00.743 [main] INFO  crm.config.DatabaseConnection - Connection pool inițializat cu succes (size: 20)
2026-06-24 22:14:00.743 [main] INFO  crm.CrmApplication - Database connection initialized
2026-06-24 22:14:00.754 [main] INFO  crm.observer.EventBus - Observer global înregistrat: AuditLogObserver
2026-06-24 22:14:00.758 [main] INFO  crm.observer.EventBus - Observer înregistrat pentru evenimentul 'CONTACT_CREATED': WelcomeEmailObserver
2026-06-24 22:14:00.760 [main] INFO  crm.observer.EventBus - Observer înregistrat pentru evenimentul 'ENROLLMENT_CREATED': EnrollmentConfirmationObserver
2026-06-24 22:14:00.763 [main] INFO  crm.observer.EventBus - Observer înregistrat pentru evenimentul 'ACTIVITY_COMPLETED': LeadScoreUpdateObserver
2026-06-24 22:14:00.763 [main] INFO  crm.CrmApplication - Observers registered
2026-06-24 22:14:13.029 [Thread-0] INFO  crm.CrmApplication - Shutting down application resources
2026-06-24 22:14:13.030 [Thread-0] INFO  com.zaxxer.hikari.HikariDataSource - CrmHikariPool - Shutdown initiated...
2026-06-24 22:14:13.033 [Thread-0] INFO  com.zaxxer.hikari.HikariDataSource - CrmHikariPool - Shutdown completed.
2026-06-24 22:14:13.034 [Thread-0] INFO  crm.config.DatabaseConnection - Connection pool închis
2026-06-24 22:14:13.034 [Thread-0] INFO  crm.CrmApplication - Application stopped
2026-06-24 22:14:17.941 [main] INFO  crm.CrmApplication - ===================================================
2026-06-24 22:14:17.944 [main] INFO  crm.CrmApplication - Starting CRM Training IT
2026-06-24 22:14:17.944 [main] INFO  crm.CrmApplication - ===================================================
2026-06-24 22:14:17.946 [main] INFO  crm.config.AppConfig - Valori default încărcate
2026-06-24 22:14:17.947 [main] WARN  crm.config.AppConfig - Fișier nu găsit, folosesc valori default
2026-06-24 22:14:17.947 [main] INFO  crm.CrmApplication - Application: CRM Training IT v1.0.0
2026-06-24 22:14:17.962 [main] INFO  com.zaxxer.hikari.HikariDataSource - CrmHikariPool - Starting...
2026-06-24 22:14:18.154 [main] INFO  com.zaxxer.hikari.HikariDataSource - CrmHikariPool - Start completed.
2026-06-24 22:14:18.154 [main] INFO  crm.config.DatabaseConnection - Connection pool inițializat cu succes (size: 20)
2026-06-24 22:14:18.154 [main] INFO  crm.CrmApplication - Database connection initialized
2026-06-24 22:14:18.163 [main] INFO  crm.observer.EventBus - Observer global înregistrat: AuditLogObserver
2026-06-24 22:14:18.163 [main] INFO  crm.observer.EventBus - Observer înregistrat pentru evenimentul 'CONTACT_CREATED': WelcomeEmailObserver
2026-06-24 22:14:18.163 [main] INFO  crm.observer.EventBus - Observer înregistrat pentru evenimentul 'ENROLLMENT_CREATED': EnrollmentConfirmationObserver
2026-06-24 22:14:18.170 [main] INFO  crm.observer.EventBus - Observer înregistrat pentru evenimentul 'ACTIVITY_COMPLETED': LeadScoreUpdateObserver
2026-06-24 22:14:18.170 [main] INFO  crm.CrmApplication - Observers registered
2026-06-24 22:14:19.951 [Thread-1] INFO  crm.CrmApplication - Shutting down application resources
2026-06-24 22:14:19.951 [Thread-1] INFO  com.zaxxer.hikari.HikariDataSource - CrmHikariPool - Shutdown initiated...
2026-06-24 22:14:19.955 [Thread-1] INFO  com.zaxxer.hikari.HikariDataSource - CrmHikariPool - Shutdown completed.
2026-06-24 22:14:19.956 [Thread-1] INFO  crm.config.DatabaseConnection - Connection pool închis
2026-06-24 22:14:19.956 [Thread-1] INFO  crm.CrmApplication - Application stopped
2026-06-24 23:34:55.843 [background-preinit] INFO  org.hibernate.validator.internal.util.Version - HV000001: Hibernate Validator 8.0.3.Final
2026-06-24 23:34:55.912 [main] INFO  crm.web.CrmWebApplication - Starting CrmWebApplication using Java 25 with PID 24516 (D:\CRM Licenta\target\classes started by raulv in D:\CRM Licenta)
2026-06-24 23:34:55.913 [main] DEBUG crm.web.CrmWebApplication - Running with Spring Boot v3.5.15, Spring v6.2.19
2026-06-24 23:34:55.913 [main] INFO  crm.web.CrmWebApplication - No active profile set, falling back to 1 default profile: "default"
2026-06-24 23:34:56.844 [main] INFO  o.s.boot.web.embedded.tomcat.TomcatWebServer - Tomcat initialized with port 8080 (http)
2026-06-24 23:34:56.859 [main] INFO  org.apache.coyote.http11.Http11NioProtocol - Initializing ProtocolHandler ["http-nio-8080"]
2026-06-24 23:34:56.861 [main] INFO  org.apache.catalina.core.StandardService - Starting service [Tomcat]
2026-06-24 23:34:56.861 [main] INFO  org.apache.catalina.core.StandardEngine - Starting Servlet engine: [Apache Tomcat/10.1.55]
2026-06-24 23:34:56.952 [main] INFO  o.a.c.core.ContainerBase.[Tomcat].[localhost].[/] - Initializing Spring embedded WebApplicationContext
2026-06-24 23:34:56.953 [main] INFO  o.s.b.w.s.c.ServletWebServerApplicationContext - Root WebApplicationContext: initialization completed in 994 ms
2026-06-24 23:34:57.007 [main] INFO  crm.web.config.CrmRuntimeConfig - Bootstrapping CRM domain layer for the web application
2026-06-24 23:34:57.009 [main] INFO  crm.config.AppConfig - Valori default încărcate
2026-06-24 23:34:57.010 [main] WARN  crm.config.AppConfig - Fișier nu găsit, folosesc valori default
2026-06-24 23:34:57.024 [main] INFO  com.zaxxer.hikari.HikariDataSource - CrmHikariPool - Starting...
2026-06-24 23:34:57.147 [main] INFO  com.zaxxer.hikari.pool.HikariPool - CrmHikariPool - Added connection org.mariadb.jdbc.Connection@2149594a
2026-06-24 23:34:57.148 [main] INFO  com.zaxxer.hikari.HikariDataSource - CrmHikariPool - Start completed.
2026-06-24 23:34:57.149 [main] INFO  crm.config.DatabaseConnection - Connection pool inițializat cu succes (size: 20)
2026-06-24 23:34:57.150 [main] INFO  crm.observer.EventBus - Observer global înregistrat: AuditLogObserver
2026-06-24 23:34:57.151 [main] INFO  crm.observer.EventBus - Observer înregistrat pentru evenimentul 'CONTACT_CREATED': WelcomeEmailObserver
2026-06-24 23:34:57.152 [main] INFO  crm.observer.EventBus - Observer înregistrat pentru evenimentul 'ENROLLMENT_CREATED': EnrollmentConfirmationObserver
2026-06-24 23:34:57.153 [main] INFO  crm.observer.EventBus - Observer înregistrat pentru evenimentul 'ACTIVITY_COMPLETED': LeadScoreUpdateObserver
2026-06-24 23:34:57.153 [main] INFO  crm.web.config.CrmRuntimeConfig - Domain observers registered
2026-06-24 23:34:57.153 [main] INFO  crm.web.config.CrmRuntimeConfig - CRM domain layer ready
2026-06-24 23:34:57.184 [main] INFO  crm.facade.CrmFacade - CrmFacade inițializat
2026-06-24 23:34:57.470 [main] INFO  org.apache.coyote.http11.Http11NioProtocol - Starting ProtocolHandler ["http-nio-8080"]
2026-06-24 23:34:57.507 [main] INFO  o.s.boot.web.embedded.tomcat.TomcatWebServer - Tomcat started on port 8080 (http) with context path '/'
2026-06-24 23:34:57.514 [main] INFO  crm.web.CrmWebApplication - Started CrmWebApplication in 1.98 seconds (process running for 2.543)
2026-06-24 23:35:20.990 [http-nio-8080-exec-1] INFO  o.a.c.core.ContainerBase.[Tomcat].[localhost].[/] - Initializing Spring DispatcherServlet 'dispatcherServlet'
2026-06-24 23:35:20.991 [http-nio-8080-exec-1] INFO  org.springframework.web.servlet.DispatcherServlet - Initializing Servlet 'dispatcherServlet'
2026-06-24 23:35:20.991 [http-nio-8080-exec-1] INFO  org.springframework.web.servlet.DispatcherServlet - Completed initialization in 0 ms
2026-06-24 23:36:37.620 [background-preinit] INFO  org.hibernate.validator.internal.util.Version - HV000001: Hibernate Validator 8.0.3.Final
2026-06-24 23:36:37.671 [main] INFO  crm.web.CrmWebApplication - Starting CrmWebApplication using Java 25 with PID 14476 (D:\CRM Licenta\target\classes started by raulv in D:\CRM Licenta)
2026-06-24 23:36:37.671 [main] DEBUG crm.web.CrmWebApplication - Running with Spring Boot v3.5.15, Spring v6.2.19
2026-06-24 23:36:37.672 [main] INFO  crm.web.CrmWebApplication - No active profile set, falling back to 1 default profile: "default"
2026-06-24 23:36:38.554 [main] INFO  o.s.boot.web.embedded.tomcat.TomcatWebServer - Tomcat initialized with port 8080 (http)
2026-06-24 23:36:38.566 [main] INFO  org.apache.coyote.http11.Http11NioProtocol - Initializing ProtocolHandler ["http-nio-8080"]
2026-06-24 23:36:38.568 [main] INFO  org.apache.catalina.core.StandardService - Starting service [Tomcat]
2026-06-24 23:36:38.569 [main] INFO  org.apache.catalina.core.StandardEngine - Starting Servlet engine: [Apache Tomcat/10.1.55]
2026-06-24 23:36:38.640 [main] INFO  o.a.c.core.ContainerBase.[Tomcat].[localhost].[/] - Initializing Spring embedded WebApplicationContext
2026-06-24 23:36:38.640 [main] INFO  o.s.b.w.s.c.ServletWebServerApplicationContext - Root WebApplicationContext: initialization completed in 923 ms
2026-06-24 23:36:38.695 [main] INFO  crm.web.config.CrmRuntimeConfig - Bootstrapping CRM domain layer for the web application
2026-06-24 23:36:38.697 [main] INFO  crm.config.AppConfig - Valori default încărcate
2026-06-24 23:36:38.698 [main] WARN  crm.config.AppConfig - Fișier nu găsit, folosesc valori default
2026-06-24 23:36:38.709 [main] INFO  com.zaxxer.hikari.HikariDataSource - CrmHikariPool - Starting...
2026-06-24 23:36:38.820 [main] INFO  com.zaxxer.hikari.pool.HikariPool - CrmHikariPool - Added connection org.mariadb.jdbc.Connection@2d5ef498
2026-06-24 23:36:38.821 [main] INFO  com.zaxxer.hikari.HikariDataSource - CrmHikariPool - Start completed.
2026-06-24 23:36:38.822 [main] INFO  crm.config.DatabaseConnection - Connection pool inițializat cu succes (size: 20)
2026-06-24 23:36:38.824 [main] INFO  crm.observer.EventBus - Observer global înregistrat: AuditLogObserver
2026-06-24 23:36:38.825 [main] INFO  crm.observer.EventBus - Observer înregistrat pentru evenimentul 'CONTACT_CREATED': WelcomeEmailObserver
2026-06-24 23:36:38.825 [main] INFO  crm.observer.EventBus - Observer înregistrat pentru evenimentul 'ENROLLMENT_CREATED': EnrollmentConfirmationObserver
2026-06-24 23:36:38.826 [main] INFO  crm.observer.EventBus - Observer înregistrat pentru evenimentul 'ACTIVITY_COMPLETED': LeadScoreUpdateObserver
2026-06-24 23:36:38.826 [main] INFO  crm.web.config.CrmRuntimeConfig - Domain observers registered
2026-06-24 23:36:38.826 [main] INFO  crm.web.config.CrmRuntimeConfig - CRM domain layer ready
2026-06-24 23:36:38.861 [main] INFO  crm.facade.CrmFacade - CrmFacade inițializat
2026-06-24 23:36:39.122 [main] INFO  org.apache.coyote.http11.Http11NioProtocol - Starting ProtocolHandler ["http-nio-8080"]
2026-06-24 23:36:39.148 [main] INFO  o.s.boot.web.embedded.tomcat.TomcatWebServer - Tomcat started on port 8080 (http) with context path '/'
2026-06-24 23:36:39.153 [main] INFO  crm.web.CrmWebApplication - Started CrmWebApplication in 1.804 seconds (process running for 2.294)
2026-06-24 23:36:55.017 [http-nio-8080-exec-1] INFO  o.a.c.core.ContainerBase.[Tomcat].[localhost].[/] - Initializing Spring DispatcherServlet 'dispatcherServlet'
2026-06-24 23:36:55.018 [http-nio-8080-exec-1] INFO  org.springframework.web.servlet.DispatcherServlet - Initializing Servlet 'dispatcherServlet'
2026-06-24 23:36:55.018 [http-nio-8080-exec-1] INFO  org.springframework.web.servlet.DispatcherServlet - Completed initialization in 0 ms
2026-06-24 23:37:51.479 [background-preinit] INFO  org.hibernate.validator.internal.util.Version - HV000001: Hibernate Validator 8.0.3.Final
2026-06-24 23:37:51.527 [main] INFO  crm.web.CrmWebApplication - Starting CrmWebApplication using Java 25 with PID 27220 (D:\CRM Licenta\target\classes started by raulv in D:\CRM Licenta)
2026-06-24 23:37:51.527 [main] DEBUG crm.web.CrmWebApplication - Running with Spring Boot v3.5.15, Spring v6.2.19
2026-06-24 23:37:51.528 [main] INFO  crm.web.CrmWebApplication - No active profile set, falling back to 1 default profile: "default"
2026-06-24 23:37:52.335 [main] INFO  o.s.boot.web.embedded.tomcat.TomcatWebServer - Tomcat initialized with port 8080 (http)
2026-06-24 23:37:52.345 [main] INFO  org.apache.coyote.http11.Http11NioProtocol - Initializing ProtocolHandler ["http-nio-8080"]
2026-06-24 23:37:52.346 [main] INFO  org.apache.catalina.core.StandardService - Starting service [Tomcat]
2026-06-24 23:37:52.347 [main] INFO  org.apache.catalina.core.StandardEngine - Starting Servlet engine: [Apache Tomcat/10.1.55]
2026-06-24 23:37:52.402 [main] INFO  o.a.c.core.ContainerBase.[Tomcat].[localhost].[/] - Initializing Spring embedded WebApplicationContext
2026-06-24 23:37:52.402 [main] INFO  o.s.b.w.s.c.ServletWebServerApplicationContext - Root WebApplicationContext: initialization completed in 837 ms
2026-06-24 23:37:52.445 [main] INFO  crm.web.config.CrmRuntimeConfig - Bootstrapping CRM domain layer for the web application
2026-06-24 23:37:52.458 [main] INFO  crm.config.AppConfig - Valori default încărcate
2026-06-24 23:37:52.458 [main] WARN  crm.config.AppConfig - Fișier nu găsit, folosesc valori default
2026-06-24 23:37:52.475 [main] INFO  com.zaxxer.hikari.HikariDataSource - CrmHikariPool - Starting...
2026-06-24 23:37:52.563 [main] INFO  com.zaxxer.hikari.pool.HikariPool - CrmHikariPool - Added connection org.mariadb.jdbc.Connection@661d88a
2026-06-24 23:37:52.564 [main] INFO  com.zaxxer.hikari.HikariDataSource - CrmHikariPool - Start completed.
2026-06-24 23:37:52.564 [main] INFO  crm.config.DatabaseConnection - Connection pool inițializat cu succes (size: 20)
2026-06-24 23:37:52.577 [main] INFO  crm.observer.EventBus - Observer global înregistrat: AuditLogObserver
2026-06-24 23:37:52.581 [main] INFO  crm.observer.EventBus - Observer înregistrat pentru evenimentul 'CONTACT_CREATED': WelcomeEmailObserver
2026-06-24 23:37:52.585 [main] INFO  crm.observer.EventBus - Observer înregistrat pentru evenimentul 'ENROLLMENT_CREATED': EnrollmentConfirmationObserver
2026-06-24 23:37:52.588 [main] INFO  crm.observer.EventBus - Observer înregistrat pentru evenimentul 'ACTIVITY_COMPLETED': LeadScoreUpdateObserver
2026-06-24 23:37:52.589 [main] INFO  crm.web.config.CrmRuntimeConfig - Domain observers registered
2026-06-24 23:37:52.589 [main] INFO  crm.web.config.CrmRuntimeConfig - CRM domain layer ready
2026-06-24 23:37:52.776 [main] INFO  crm.facade.CrmFacade - CrmFacade inițializat
2026-06-24 23:37:53.042 [main] INFO  org.apache.coyote.http11.Http11NioProtocol - Starting ProtocolHandler ["http-nio-8080"]
2026-06-24 23:37:53.062 [main] INFO  o.s.boot.web.embedded.tomcat.TomcatWebServer - Tomcat started on port 8080 (http) with context path '/'
2026-06-24 23:37:53.068 [main] INFO  crm.web.CrmWebApplication - Started CrmWebApplication in 1.836 seconds (process running for 2.28)
2026-06-24 23:38:08.145 [http-nio-8080-exec-1] INFO  o.a.c.core.ContainerBase.[Tomcat].[localhost].[/] - Initializing Spring DispatcherServlet 'dispatcherServlet'
2026-06-24 23:38:08.145 [http-nio-8080-exec-1] INFO  org.springframework.web.servlet.DispatcherServlet - Initializing Servlet 'dispatcherServlet'
2026-06-24 23:38:08.146 [http-nio-8080-exec-1] INFO  org.springframework.web.servlet.DispatcherServlet - Completed initialization in 1 ms
2026-06-24 23:57:56.408 [background-preinit] INFO  org.hibernate.validator.internal.util.Version - HV000001: Hibernate Validator 8.0.3.Final
2026-06-24 23:57:56.469 [main] INFO  crm.web.CrmWebApplication - Starting CrmWebApplication using Java 25 with PID 21736 (D:\CRM Licenta\target\classes started by raulv in D:\CRM Licenta)
2026-06-24 23:57:56.469 [main] DEBUG crm.web.CrmWebApplication - Running with Spring Boot v3.5.15, Spring v6.2.19
2026-06-24 23:57:56.470 [main] INFO  crm.web.CrmWebApplication - No active profile set, falling back to 1 default profile: "default"
2026-06-24 23:57:57.372 [main] INFO  o.s.boot.web.embedded.tomcat.TomcatWebServer - Tomcat initialized with port 8080 (http)
2026-06-24 23:57:57.385 [main] INFO  org.apache.coyote.http11.Http11NioProtocol - Initializing ProtocolHandler ["http-nio-8080"]
2026-06-24 23:57:57.388 [main] INFO  org.apache.catalina.core.StandardService - Starting service [Tomcat]
2026-06-24 23:57:57.389 [main] INFO  org.apache.catalina.core.StandardEngine - Starting Servlet engine: [Apache Tomcat/10.1.55]
2026-06-24 23:57:57.466 [main] INFO  o.a.c.core.ContainerBase.[Tomcat].[localhost].[/] - Initializing Spring embedded WebApplicationContext
2026-06-24 23:57:57.466 [main] INFO  o.s.b.w.s.c.ServletWebServerApplicationContext - Root WebApplicationContext: initialization completed in 955 ms
2026-06-24 23:57:57.514 [main] INFO  crm.web.config.CrmRuntimeConfig - Bootstrapping CRM domain layer for the web application
2026-06-24 23:57:57.516 [main] INFO  crm.config.AppConfig - Valori default încărcate
2026-06-24 23:57:57.516 [main] WARN  crm.config.AppConfig - Fișier nu găsit, folosesc valori default
2026-06-24 23:57:57.527 [main] INFO  com.zaxxer.hikari.HikariDataSource - CrmHikariPool - Starting...
2026-06-24 23:57:57.631 [main] INFO  com.zaxxer.hikari.pool.HikariPool - CrmHikariPool - Added connection org.mariadb.jdbc.Connection@4afbb6c2
2026-06-24 23:57:57.633 [main] INFO  com.zaxxer.hikari.HikariDataSource - CrmHikariPool - Start completed.
2026-06-24 23:57:57.633 [main] INFO  crm.config.DatabaseConnection - Connection pool inițializat cu succes (size: 20)
2026-06-24 23:57:57.677 [main] INFO  crm.web.config.WebSchemaInitializer - Web feature tables ensured (employees)
2026-06-24 23:57:57.683 [main] INFO  crm.observer.EventBus - Observer global înregistrat: AuditLogObserver
2026-06-24 23:57:57.684 [main] INFO  crm.observer.EventBus - Observer înregistrat pentru evenimentul 'CONTACT_CREATED': WelcomeEmailObserver
2026-06-24 23:57:57.685 [main] INFO  crm.observer.EventBus - Observer înregistrat pentru evenimentul 'ENROLLMENT_CREATED': EnrollmentConfirmationObserver
2026-06-24 23:57:57.685 [main] INFO  crm.observer.EventBus - Observer înregistrat pentru evenimentul 'ACTIVITY_COMPLETED': LeadScoreUpdateObserver
2026-06-24 23:57:57.685 [main] INFO  crm.web.config.CrmRuntimeConfig - Domain observers registered
2026-06-24 23:57:57.685 [main] INFO  crm.web.config.CrmRuntimeConfig - CRM domain layer ready
2026-06-24 23:57:57.730 [main] INFO  crm.facade.CrmFacade - CrmFacade inițializat
2026-06-24 23:57:58.003 [main] INFO  org.apache.coyote.http11.Http11NioProtocol - Starting ProtocolHandler ["http-nio-8080"]
2026-06-24 23:57:58.033 [main] INFO  o.s.boot.web.embedded.tomcat.TomcatWebServer - Tomcat started on port 8080 (http) with context path '/'
2026-06-24 23:57:58.039 [main] INFO  crm.web.CrmWebApplication - Started CrmWebApplication in 1.929 seconds (process running for 2.419)
2026-06-24 23:58:15.620 [http-nio-8080-exec-1] INFO  o.a.c.core.ContainerBase.[Tomcat].[localhost].[/] - Initializing Spring DispatcherServlet 'dispatcherServlet'
2026-06-24 23:58:15.620 [http-nio-8080-exec-1] INFO  org.springframework.web.servlet.DispatcherServlet - Initializing Servlet 'dispatcherServlet'
2026-06-24 23:58:15.620 [http-nio-8080-exec-1] INFO  org.springframework.web.servlet.DispatcherServlet - Completed initialization in 0 ms
2026-06-24 23:58:15.737 [http-nio-8080-exec-1] DEBUG crm.repository.EmployeeRepository - Salvare Employee : Employee(super=crm.model.entity.Employee@31e89549, companyId=4, firstName=Andrei, lastName=Pop, email=andrei@banktech.ro, jobTitle=Backend Engineer, workProfile=SOFTWARE_DEVELOPMENT, interestProfiles=[MACHINE_LEARNING, ARTIFICIAL_INTELLIGENCE], experienceLevel=INTERMEDIATE)
2026-06-24 23:58:15.747 [http-nio-8080-exec-1] DEBUG crm.dao.EmployeeDao - Entitate salvată în employees: ID=1
2026-06-24 23:58:15.748 [http-nio-8080-exec-1] INFO  crm.service.employee.EmployeeService - Employee added: Andrei Pop (company=4)
2026-06-24 23:58:15.789 [http-nio-8080-exec-2] DEBUG crm.repository.EmployeeRepository - Salvare Employee : Employee(super=crm.model.entity.Employee@31e89549, companyId=4, firstName=Ioana, lastName=Marin, email=ioana@banktech.ro, jobTitle=Data Analyst, workProfile=DATA_SCIENCE, interestProfiles=[MACHINE_LEARNING], experienceLevel=BEGINNER)
2026-06-24 23:58:15.791 [http-nio-8080-exec-2] DEBUG crm.dao.EmployeeDao - Entitate salvată în employees: ID=2
2026-06-24 23:58:15.791 [http-nio-8080-exec-2] INFO  crm.service.employee.EmployeeService - Employee added: Ioana Marin (company=4)
