2026-06-03 19:07:10.645 [main] INFO  crm.CrmApplication - ===================================================
2026-06-03 19:07:10.661 [main] INFO  crm.CrmApplication - Pornire CRM Training IT
2026-06-03 19:07:10.661 [main] INFO  crm.CrmApplication - ===================================================
2026-06-03 19:07:10.661 [main] INFO  crm.config.AppConfig - Valori default încărcate
2026-06-03 19:07:10.661 [main] WARN  crm.config.AppConfig - Fișier nu găsit, folosesc valori default
2026-06-03 19:07:10.661 [main] INFO  crm.CrmApplication - Aplicație: CRM Training IT v1.0.0
2026-06-03 19:07:10.677 [main] INFO  com.zaxxer.hikari.HikariDataSource - CrmHikariPool - Starting...
2026-06-03 19:07:10.914 [main] INFO  com.zaxxer.hikari.HikariDataSource - CrmHikariPool - Start completed.
2026-06-03 19:07:10.914 [main] INFO  crm.config.DatabaseConnection - Connection pool inițializat cu succes (size: 20)
2026-06-03 19:07:10.914 [main] INFO  crm.CrmApplication - Conexiune DB inițializată
2026-06-03 19:07:10.931 [main] INFO  crm.observer.EventBus - Observer global înregistrat: AuditLogObserver
2026-06-03 19:07:10.931 [main] INFO  crm.observer.EventBus - Observer înregistrat pentru evenimentul 'CONTACT_CREATED': WelcomeEmailObserver
2026-06-03 19:07:10.947 [main] INFO  crm.observer.EventBus - Observer înregistrat pentru evenimentul 'ENROLLMENT_CREATED': EnrollmentConfirmationObserver
2026-06-03 19:07:10.949 [main] INFO  crm.observer.EventBus - Observer înregistrat pentru evenimentul 'ACTIVITY_COMPLETED': LeadScoreUpdateObserver
2026-06-03 19:07:10.949 [main] INFO  crm.CrmApplication - Observer-i înregistrați cu succes
2026-06-03 19:07:11.142 [main] INFO  crm.facade.CrmFacade - CrmFacade inițializat
2026-06-03 19:09:33.016 [main] DEBUG crm.command.CommandInvoker - Invocare comandă: CreateContactCommand
2026-06-03 19:09:33.016 [main] DEBUG crm.command.contact.CreateContactCommand - Executare comandă: CreateContactCommand
2026-06-03 19:09:33.016 [main] INFO  crm.service.contact.ContactService - Creare contact: mihai.radulescu04@e-uvt.ro
2026-06-03 19:09:33.050 [main] DEBUG crm.strategy.LeadScoringContext - Scor inițial pentru contact mihai.radulescu04@e-uvt.ro (strategie: SimpleLeadScoring): 100
2026-06-03 19:09:33.050 [main] DEBUG crm.repository.ContactRepository - Salvare Contact : Contact(super=crm.model.entity.Contact@37d31475, contactType=INDIVIDUAL, firstName=Mihai, lastName=Radulescu, birthDate=null, companyName=null, fiscalCode=null, registrationNumber=null, industry=null, employeeCount=null, email=mihai.radulescu04@e-uvt.ro, phone=+40 768737531, addressStreet=null, addressCity=null, addressCounty=null, addressPostalCode=null, leadSource=WEBSITE, leadStatus=NEW, leadScore=100, experienceLevel=BEGINNER, learningGoal=Reconversie profesională, firstContactDate=2026-06-03T19:09:32.998, lastContactDate=2026-06-03T19:09:33.033, assignedTo=null, gdprConsent=true, gdprConsentDate=2026-06-03T19:09:33.009, marketingConsent=false)
2026-06-03 19:09:33.055 [main] DEBUG crm.dao.ContactDao - Entitate salvată în contacts: ID=6
2026-06-03 19:09:33.056 [main] DEBUG crm.observer.EventBus - Notificare eveniment: CONTACT_CREATED de la ContactService
2026-06-03 19:09:33.078 [main] INFO  crm.service.notification.NotificationService - [EMAIL] Către: mihai.radulescu04@e-uvt.ro, Subiect: Bine ai venit la Training IT!
2026-06-03 19:09:33.078 [main] DEBUG crm.service.notification.NotificationService - Conținut:
Salut Mihai Radulescu,

Îți mulțumim pentru interesul față de cursurile noastre!

Suntem o companie specializată în training IT și oferim cursuri de Java, Python, AI și multe altele.

Un consultant te va contacta în curând pentru a discuta opțiunile potrivite.

Cu drag,
Echipa Training IT
2026-06-03 19:09:33.078 [main] INFO  crm.observer.listeners.WelcomeEmailObserver - Welcome email trimis către: mihai.radulescu04@e-uvt.ro
2026-06-03 19:09:33.078 [main] INFO  crm.service.contact.ContactService - Contact creat cu ID: 6 (scor: 100)
2026-06-03 19:09:33.079 [main] DEBUG crm.command.contact.CreateContactCommand - Comandă finalizată: CreateContactCommand (durata: 63ms)
2026-06-03 20:16:59.648 [Thread-1] INFO  crm.CrmApplication - Oprire aplicație - cleanup resurse...
2026-06-03 20:16:59.649 [Thread-1] INFO  com.zaxxer.hikari.HikariDataSource - CrmHikariPool - Shutdown initiated...
2026-06-03 20:16:59.652 [Thread-1] INFO  com.zaxxer.hikari.HikariDataSource - CrmHikariPool - Shutdown completed.
2026-06-03 20:16:59.652 [Thread-1] INFO  crm.config.DatabaseConnection - Connection pool închis
2026-06-03 20:16:59.652 [Thread-1] INFO  crm.CrmApplication - Aplicație oprită.
