2026-06-19 03:40:29.290 [Thread-1] INFO  crm.CrmApplication - Oprire aplicație - cleanup resurse...
2026-06-19 03:40:29.296 [Thread-1] INFO  com.zaxxer.hikari.HikariDataSource - CrmHikariPool - Shutdown initiated...
2026-06-19 03:40:29.300 [Thread-1] INFO  com.zaxxer.hikari.HikariDataSource - CrmHikariPool - Shutdown completed.
2026-06-19 03:40:29.300 [Thread-1] INFO  crm.config.DatabaseConnection - Connection pool închis
2026-06-19 03:40:29.300 [Thread-1] INFO  crm.CrmApplication - Aplicație oprită.
2026-06-19 19:36:27.898 [main] INFO  crm.CrmApplication - ===================================================
2026-06-19 19:36:27.900 [main] INFO  crm.CrmApplication - Pornire CRM Training IT
2026-06-19 19:36:27.900 [main] INFO  crm.CrmApplication - ===================================================
2026-06-19 19:36:27.905 [main] INFO  crm.config.AppConfig - Valori default încărcate
2026-06-19 19:36:27.906 [main] WARN  crm.config.AppConfig - Fișier nu găsit, folosesc valori default
2026-06-19 19:36:27.906 [main] INFO  crm.CrmApplication - Aplicație: CRM Training IT v1.0.0
2026-06-19 19:36:27.921 [main] INFO  com.zaxxer.hikari.HikariDataSource - CrmHikariPool - Starting...
2026-06-19 19:36:28.093 [main] INFO  com.zaxxer.hikari.HikariDataSource - CrmHikariPool - Start completed.
2026-06-19 19:36:28.093 [main] INFO  crm.config.DatabaseConnection - Connection pool inițializat cu succes (size: 20)
2026-06-19 19:36:28.093 [main] INFO  crm.CrmApplication - Conexiune DB inițializată
2026-06-19 19:36:28.105 [main] INFO  crm.observer.EventBus - Observer global înregistrat: AuditLogObserver
2026-06-19 19:36:28.110 [main] INFO  crm.observer.EventBus - Observer înregistrat pentru evenimentul 'CONTACT_CREATED': WelcomeEmailObserver
2026-06-19 19:36:28.114 [main] INFO  crm.observer.EventBus - Observer înregistrat pentru evenimentul 'ENROLLMENT_CREATED': EnrollmentConfirmationObserver
2026-06-19 19:36:28.118 [main] INFO  crm.observer.EventBus - Observer înregistrat pentru evenimentul 'ACTIVITY_COMPLETED': LeadScoreUpdateObserver
2026-06-19 19:36:28.118 [main] INFO  crm.CrmApplication - Observer-i înregistrați cu succes
2026-06-19 19:36:28.278 [main] INFO  crm.facade.CrmFacade - CrmFacade inițializat
2026-06-19 19:36:49.012 [main] DEBUG crm.command.CommandInvoker - Invocare comandă: MoveOpportunityStageCommand
2026-06-19 19:36:49.012 [main] DEBUG c.command.opportunity.MoveOpportunityStageCommand - Executare comandă: MoveOpportunityStageCommand
2026-06-19 19:36:49.044 [main] DEBUG crm.repository.OpportunityRepository - Salvare Opportunity : Opportunity(super=crm.model.entity.Opportunity@2173f6d9, clientId=4, title=Training Java Spring pentru echipa Dev, description=Companie bancară dorește training intensiv, estimatedParticipants=25, customRequirements=null, deliveryMode=ON_SITE, preferredLocation=null, desiredStartDate=null, estimatedValue=35000.00, quotedValue=32000.00, probabilityPercent=70, stage=NEGOTIATION, expectedCloseDate=2026-08-01, actualCloseDate=null, assignedTo=4, competitors=null, lostReason=null)
2026-06-19 19:36:49.049 [main] DEBUG crm.dao.OpportunityDao - Entitate actualizată în opportunities: ID=1
2026-06-19 19:36:49.056 [main] DEBUG crm.observer.EventBus - Notificare eveniment: OPPORTUNITY_STAGE_CHANGED de la OpportunityService
2026-06-19 19:36:49.063 [main] INFO  crm.service.opportunity.OpportunityService - Oportunitate 1 mutată: PROPOSAL_SENT -> NEGOTIATION
2026-06-19 19:36:49.063 [main] DEBUG c.command.opportunity.MoveOpportunityStageCommand - Comandă finalizată: MoveOpportunityStageCommand (durata: 51ms)
2026-06-19 19:37:23.697 [main] DEBUG crm.command.CommandInvoker - Invocare comandă: MoveOpportunityStageCommand
2026-06-19 19:37:23.697 [main] DEBUG c.command.opportunity.MoveOpportunityStageCommand - Executare comandă: MoveOpportunityStageCommand
2026-06-19 19:37:23.699 [main] DEBUG crm.repository.OpportunityRepository - Salvare Opportunity : Opportunity(super=crm.model.entity.Opportunity@2173f6d9, clientId=15, title=Training Java pentru echipa dev, description=null, estimatedParticipants=20, customRequirements=null, deliveryMode=ON_SITE, preferredLocation=null, desiredStartDate=null, estimatedValue=25000.00, quotedValue=null, probabilityPercent=70, stage=NEGOTIATION, expectedCloseDate=2026-07-18, actualCloseDate=null, assignedTo=null, competitors=null, lostReason=null)
2026-06-19 19:37:23.704 [main] DEBUG crm.dao.OpportunityDao - Entitate actualizată în opportunities: ID=7
2026-06-19 19:37:23.705 [main] DEBUG crm.observer.EventBus - Notificare eveniment: OPPORTUNITY_STAGE_CHANGED de la OpportunityService
2026-06-19 19:37:23.710 [main] INFO  crm.service.opportunity.OpportunityService - Oportunitate 7 mutată: PROPOSAL_SENT -> NEGOTIATION
2026-06-19 19:37:23.710 [main] DEBUG c.command.opportunity.MoveOpportunityStageCommand - Comandă finalizată: MoveOpportunityStageCommand (durata: 13ms)
2026-06-19 21:40:49.899 [Thread-0] INFO  crm.CrmApplication - Oprire aplicație - cleanup resurse...
2026-06-19 21:40:49.901 [Thread-0] INFO  com.zaxxer.hikari.HikariDataSource - CrmHikariPool - Shutdown initiated...
2026-06-19 21:40:49.915 [Thread-0] INFO  com.zaxxer.hikari.HikariDataSource - CrmHikariPool - Shutdown completed.
2026-06-19 21:40:49.915 [Thread-0] INFO  crm.config.DatabaseConnection - Connection pool închis
2026-06-19 21:40:49.915 [Thread-0] INFO  crm.CrmApplication - Aplicație oprită.
