2026-05-11 18:03:52.206 [main] INFO  crm.CrmApplication - ===================================================
2026-05-11 18:03:52.209 [main] INFO  crm.CrmApplication - Pornire CRM Training IT
2026-05-11 18:03:52.209 [main] INFO  crm.CrmApplication - ===================================================
2026-05-11 18:03:52.212 [main] INFO  crm.config.AppConfig - Valori default încărcate
2026-05-11 18:03:52.214 [main] INFO  crm.CrmApplication - Aplicație: CRM Training IT v1.0.0
2026-05-11 18:03:52.221 [main] ERROR com.zaxxer.hikari.HikariConfig - Failed to load driver class org.h2.Driver from HikariConfig class classloader sun.misc.Launcher$AppClassLoader@18b4aac2
2026-05-11 18:03:52.224 [main] ERROR crm.CrmApplication - Eroare fatală la pornirea aplicației
java.lang.RuntimeException: Failed to load driver class org.h2.Driver in either of HikariConfig class loader or Thread context classloader
	at com.zaxxer.hikari.HikariConfig.setDriverClassName(HikariConfig.java:491)
	at crm.config.DatabaseConnection.<init>(DatabaseConnection.java:35)
	at crm.config.DatabaseConnection.getInstance(DatabaseConnection.java:69)
	at crm.CrmApplication.main(CrmApplication.java:39)
2026-05-11 18:14:15.533 [main] INFO  crm.CrmApplication - ===================================================
2026-05-11 18:14:15.537 [main] INFO  crm.CrmApplication - Pornire CRM Training IT
2026-05-11 18:14:15.537 [main] INFO  crm.CrmApplication - ===================================================
2026-05-11 18:14:15.541 [main] INFO  crm.config.AppConfig - Valori default încărcate
2026-05-11 18:14:15.544 [main] INFO  crm.CrmApplication - Aplicație: CRM Training IT v1.0.0
2026-05-11 18:14:15.552 [main] ERROR com.zaxxer.hikari.HikariConfig - Failed to load driver class org.h2.Driver from HikariConfig class classloader sun.misc.Launcher$AppClassLoader@18b4aac2
2026-05-11 18:14:15.556 [main] ERROR crm.CrmApplication - Eroare fatală la pornirea aplicației
java.lang.RuntimeException: Failed to load driver class org.h2.Driver in either of HikariConfig class loader or Thread context classloader
	at com.zaxxer.hikari.HikariConfig.setDriverClassName(HikariConfig.java:491)
	at crm.config.DatabaseConnection.<init>(DatabaseConnection.java:36)
	at crm.config.DatabaseConnection.getInstance(DatabaseConnection.java:70)
	at crm.CrmApplication.main(CrmApplication.java:39)
2026-05-11 18:17:03.582 [main] INFO  crm.CrmApplication - ===================================================
2026-05-11 18:17:03.586 [main] INFO  crm.CrmApplication - Pornire CRM Training IT
2026-05-11 18:17:03.586 [main] INFO  crm.CrmApplication - ===================================================
2026-05-11 18:17:03.588 [main] INFO  crm.config.AppConfig - Valori default încărcate
2026-05-11 18:17:03.590 [main] INFO  crm.CrmApplication - Aplicație: CRM Training IT v1.0.0
2026-05-11 18:17:03.596 [main] ERROR com.zaxxer.hikari.HikariConfig - Failed to load driver class org.h2.Driver from HikariConfig class classloader sun.misc.Launcher$AppClassLoader@18b4aac2
2026-05-11 18:17:03.598 [main] ERROR crm.CrmApplication - Eroare fatală la pornirea aplicației
java.lang.RuntimeException: Failed to load driver class org.h2.Driver in either of HikariConfig class loader or Thread context classloader
	at com.zaxxer.hikari.HikariConfig.setDriverClassName(HikariConfig.java:491)
	at crm.config.DatabaseConnection.<init>(DatabaseConnection.java:36)
	at crm.config.DatabaseConnection.getInstance(DatabaseConnection.java:70)
	at crm.CrmApplication.main(CrmApplication.java:39)
2026-05-11 18:19:21.720 [main] INFO  crm.CrmApplication - ===================================================
2026-05-11 18:19:21.723 [main] INFO  crm.CrmApplication - Pornire CRM Training IT
2026-05-11 18:19:21.723 [main] INFO  crm.CrmApplication - ===================================================
2026-05-11 18:19:21.725 [main] INFO  crm.config.AppConfig - Valori default încărcate
2026-05-11 18:19:21.726 [main] WARN  crm.config.AppConfig - Fișier nu găsit, folosesc valori default
2026-05-11 18:19:21.726 [main] INFO  crm.CrmApplication - Aplicație: CRM Training IT v1.0.0
2026-05-11 18:19:21.741 [main] INFO  com.zaxxer.hikari.HikariDataSource - CrmHikariPool - Starting...
2026-05-11 18:19:22.010 [main] INFO  com.zaxxer.hikari.HikariDataSource - CrmHikariPool - Start completed.
2026-05-11 18:19:22.010 [main] INFO  crm.config.DatabaseConnection - Connection pool inițializat cu succes (size: 20)
2026-05-11 18:19:22.010 [main] INFO  crm.CrmApplication - Conexiune DB inițializată
2026-05-11 18:19:22.049 [main] INFO  crm.observer.EventBus - Observer global înregistrat: AuditLogObserver
2026-05-11 18:19:22.062 [main] INFO  crm.observer.EventBus - Observer înregistrat pentru evenimentul 'CONTACT_CREATED': WelcomeEmailObserver
2026-05-11 18:19:22.074 [main] INFO  crm.observer.EventBus - Observer înregistrat pentru evenimentul 'ENROLLMENT_CREATED': EnrollmentConfirmationObserver
2026-05-11 18:19:22.087 [main] INFO  crm.observer.EventBus - Observer înregistrat pentru evenimentul 'ACTIVITY_COMPLETED': LeadScoreUpdateObserver
2026-05-11 18:19:22.087 [main] INFO  crm.CrmApplication - Observer-i înregistrați cu succes
2026-05-11 18:19:22.719 [main] INFO  crm.facade.CrmFacade - CrmFacade inițializat
2026-05-11 18:19:46.915 [main] DEBUG crm.command.CommandInvoker - Invocare comandă: CreateContactCommand
2026-05-11 18:19:46.916 [main] DEBUG crm.command.contact.CreateContactCommand - Executare comandă: CreateContactCommand
2026-05-11 18:19:46.916 [main] INFO  crm.service.contact.ContactService - Creare contact: maria.demo.1778512786878@example.com
2026-05-11 18:19:46.954 [main] DEBUG crm.strategy.LeadScoringContext - Scor inițial pentru contact maria.demo.1778512786878@example.com (strategie: SimpleLeadScoring): 100
2026-05-11 18:19:46.954 [main] DEBUG crm.repository.ContactRepository - Salvare Contact : Contact(super=crm.model.entity.Contact@1c3a4799, contactType=INDIVIDUAL, firstName=Maria, lastName=Demo, birthDate=null, companyName=null, fiscalCode=null, registrationNumber=null, industry=null, employeeCount=null, email=maria.demo.1778512786878@example.com, phone=0712345678, addressStreet=null, addressCity=null, addressCounty=null, addressPostalCode=null, leadSource=WEBSITE, leadStatus=NEW, leadScore=100, experienceLevel=BEGINNER, learningGoal=Reconversie profesională în IT, firstContactDate=2026-05-11T18:19:46.866, lastContactDate=2026-05-11T18:19:46.917, assignedTo=null, gdprConsent=true, gdprConsentDate=2026-05-11T18:19:46.897, marketingConsent=true)
2026-05-11 18:19:46.991 [main] DEBUG crm.dao.ContactDao - Entitate salvată în contacts: ID=6
2026-05-11 18:19:46.991 [main] DEBUG crm.observer.EventBus - Notificare eveniment: CONTACT_CREATED de la ContactService
2026-05-11 18:19:47.188 [main] INFO  crm.service.notification.NotificationService - [EMAIL] Către: maria.demo.1778512786878@example.com, Subiect: Bine ai venit la Training IT!
2026-05-11 18:19:47.189 [main] DEBUG crm.service.notification.NotificationService - Conținut:
Salut Maria Demo,

Îți mulțumim pentru interesul față de cursurile noastre!

Suntem o companie specializată în training IT și oferim cursuri de Java, Python, AI și multe altele.

Un consultant te va contacta în curând pentru a discuta opțiunile potrivite.

Cu drag,
Echipa Training IT
2026-05-11 18:19:47.189 [main] INFO  crm.observer.listeners.WelcomeEmailObserver - Welcome email trimis către: maria.demo.1778512786878@example.com
2026-05-11 18:19:47.189 [main] INFO  crm.service.contact.ContactService - Contact creat cu ID: 6 (scor: 100)
2026-05-11 18:19:47.189 [main] DEBUG crm.command.contact.CreateContactCommand - Comandă finalizată: CreateContactCommand (durata: 273ms)
2026-05-11 18:19:47.221 [main] DEBUG crm.repository.ActivityRepository - Salvare Activity : Activity(super=crm.model.entity.Activity@7f13d6e, activityType=CALL, contactId=6, opportunityId=null, subject=Consultare inițială, description=null, scheduledDate=2026-05-12T18:19:47.189, completedDate=null, durationMinutes=30, assignedTo=1, status=SCHEDULED, priority=HIGH, outcome=null, nextSteps=null, requiresFollowup=null, followupDate=null, createdBy=null)
2026-05-11 18:19:47.246 [main] DEBUG crm.dao.ActivityDao - Entitate salvată în activities: ID=4
2026-05-11 18:19:47.246 [main] INFO  crm.service.activity.ActivityService - Activitate creată: Consultare inițială (tip: CALL)
2026-05-11 18:19:47.257 [main] DEBUG crm.repository.ActivityRepository - Salvare Activity : Activity(super=crm.model.entity.Activity@7f13d6e, activityType=CALL, contactId=6, opportunityId=null, subject=Consultare inițială, description=null, scheduledDate=2026-05-12T18:19:47, completedDate=2026-05-11T18:19:47.257, durationMinutes=30, assignedTo=1, status=COMPLETED, priority=HIGH, outcome=Persoana este interesată, nextSteps=Trimite ofertă, requiresFollowup=false, followupDate=null, createdBy=null)
2026-05-11 18:19:47.287 [main] DEBUG crm.dao.ActivityDao - Entitate actualizată în activities: ID=4
2026-05-11 18:19:47.289 [main] DEBUG crm.observer.EventBus - Notificare eveniment: ACTIVITY_COMPLETED de la ActivityService
2026-05-11 18:19:47.631 [main] DEBUG crm.repository.ContactRepository - Salvare Contact : Contact(super=crm.model.entity.Contact@1c3a4799, contactType=INDIVIDUAL, firstName=Maria, lastName=Demo, birthDate=null, companyName=null, fiscalCode=null, registrationNumber=null, industry=null, employeeCount=null, email=maria.demo.1778512786878@example.com, phone=0712345678, addressStreet=null, addressCity=null, addressCounty=null, addressPostalCode=null, leadSource=WEBSITE, leadStatus=NEW, leadScore=100, experienceLevel=BEGINNER, learningGoal=Reconversie profesională în IT, firstContactDate=2026-05-11T18:19:46, lastContactDate=2026-05-11T18:19:46, assignedTo=null, gdprConsent=true, gdprConsentDate=2026-05-11T18:19:46, marketingConsent=true)
2026-05-11 18:19:47.632 [main] DEBUG crm.dao.ContactDao - Entitate actualizată în contacts: ID=6
2026-05-11 18:19:47.682 [main] INFO  crm.service.contact.ContactService - Scor actualizat pentru contact 6: 100 -> 100 (CALLBACK_REQUESTED)
2026-05-11 18:19:47.683 [main] DEBUG crm.observer.listeners.LeadScoreUpdateObserver - Scor lead actualizat pentru contact 6 după activitate CALLBACK_REQUESTED
2026-05-11 18:19:47.683 [main] INFO  crm.service.activity.ActivityService - Activitate finalizată: 4
2026-05-11 18:19:47.700 [main] DEBUG crm.command.CommandInvoker - Invocare comandă: UpdateLeadStatusCommand
2026-05-11 18:19:47.700 [main] DEBUG crm.command.contact.UpdateLeadStatusCommand - Executare comandă: UpdateLeadStatusCommand
2026-05-11 18:19:47.705 [main] DEBUG crm.repository.ContactRepository - Salvare Contact : Contact(super=crm.model.entity.Contact@1c3a4799, contactType=INDIVIDUAL, firstName=Maria, lastName=Demo, birthDate=null, companyName=null, fiscalCode=null, registrationNumber=null, industry=null, employeeCount=null, email=maria.demo.1778512786878@example.com, phone=0712345678, addressStreet=null, addressCity=null, addressCounty=null, addressPostalCode=null, leadSource=WEBSITE, leadStatus=INTERESTED, leadScore=100, experienceLevel=BEGINNER, learningGoal=Reconversie profesională în IT, firstContactDate=2026-05-11T18:19:46, lastContactDate=2026-05-11T18:19:47.705, assignedTo=null, gdprConsent=true, gdprConsentDate=2026-05-11T18:19:46, marketingConsent=true)
2026-05-11 18:19:47.738 [main] DEBUG crm.dao.ContactDao - Entitate actualizată în contacts: ID=6
2026-05-11 18:19:47.739 [main] DEBUG crm.observer.EventBus - Notificare eveniment: LEAD_STATUS_CHANGED de la ContactService
2026-05-11 18:19:47.813 [main] INFO  crm.service.contact.ContactService - Status schimbat pentru contact 6: NEW -> INTERESTED
2026-05-11 18:19:47.813 [main] DEBUG crm.command.contact.UpdateLeadStatusCommand - Comandă finalizată: UpdateLeadStatusCommand (durata: 113ms)
2026-05-11 18:19:47.813 [main] DEBUG crm.command.CommandInvoker - Invocare comandă: CreateContactCommand
2026-05-11 18:19:47.813 [main] DEBUG crm.command.contact.CreateContactCommand - Executare comandă: CreateContactCommand
2026-05-11 18:19:47.814 [main] INFO  crm.service.contact.ContactService - Creare contact: contact.demo.1778512787813@techcorp.ro
2026-05-11 18:19:47.829 [main] DEBUG crm.strategy.LeadScoringContext - Scor inițial pentru contact contact.demo.1778512787813@techcorp.ro (strategie: B2BLeadScoring): 85
2026-05-11 18:19:47.829 [main] DEBUG crm.repository.ContactRepository - Salvare Contact : Contact(super=crm.model.entity.Contact@1c3a4799, contactType=CORPORATE, firstName=null, lastName=null, birthDate=null, companyName=TechCorp SRL Demo, fiscalCode=RO12345678, registrationNumber=J40/1234/2020, industry=IT & Software, employeeCount=150, email=contact.demo.1778512787813@techcorp.ro, phone=0212345678, addressStreet=null, addressCity=null, addressCounty=null, addressPostalCode=null, leadSource=REFERRAL, leadStatus=NEW, leadScore=85, experienceLevel=null, learningGoal=null, firstContactDate=2026-05-11T18:19:47.813, lastContactDate=2026-05-11T18:19:47.815, assignedTo=null, gdprConsent=true, gdprConsentDate=2026-05-11T18:19:47.813, marketingConsent=false)
2026-05-11 18:19:47.855 [main] DEBUG crm.dao.ContactDao - Entitate salvată în contacts: ID=7
2026-05-11 18:19:47.855 [main] DEBUG crm.observer.EventBus - Notificare eveniment: CONTACT_CREATED de la ContactService
2026-05-11 18:19:47.879 [main] INFO  crm.service.notification.NotificationService - [EMAIL] Către: contact.demo.1778512787813@techcorp.ro, Subiect: Bine ai venit la Training IT!
2026-05-11 18:19:47.879 [main] DEBUG crm.service.notification.NotificationService - Conținut:
Salut TechCorp SRL Demo,

Îți mulțumim pentru interesul față de cursurile noastre!

Suntem o companie specializată în training IT și oferim cursuri de Java, Python, AI și multe altele.

Un consultant te va contacta în curând pentru a discuta opțiunile potrivite.

Cu drag,
Echipa Training IT
2026-05-11 18:19:47.880 [main] INFO  crm.observer.listeners.WelcomeEmailObserver - Welcome email trimis către: contact.demo.1778512787813@techcorp.ro
2026-05-11 18:19:47.880 [main] INFO  crm.service.contact.ContactService - Contact creat cu ID: 7 (scor: 85)
2026-05-11 18:19:47.880 [main] DEBUG crm.command.contact.CreateContactCommand - Comandă finalizată: CreateContactCommand (durata: 66ms)
2026-05-11 18:19:47.927 [main] DEBUG crm.command.CommandInvoker - Invocare comandă: CreateOpportunityCommand
2026-05-11 18:19:47.927 [main] DEBUG crm.command.opportunity.CreateOpportunityCommand - Executare comandă: CreateOpportunityCommand
2026-05-11 18:19:47.927 [main] DEBUG crm.repository.OpportunityRepository - Salvare Opportunity : Opportunity(super=crm.model.entity.Opportunity@6895a785, clientId=7, title=Training Java pentru echipa dev, description=null, estimatedParticipants=20, customRequirements=null, deliveryMode=ON_SITE, preferredLocation=null, desiredStartDate=null, estimatedValue=25000, quotedValue=null, probabilityPercent=25, stage=NEEDS_ANALYSIS, expectedCloseDate=2026-06-11, actualCloseDate=null, assignedTo=null, competitors=null, lostReason=null)
2026-05-11 18:19:47.963 [main] DEBUG crm.dao.OpportunityDao - Entitate salvată în opportunities: ID=3
2026-05-11 18:19:47.963 [main] INFO  crm.service.opportunity.OpportunityService - Oportunitate creată: Training Java pentru echipa dev (client=7, valoare=25000)
2026-05-11 18:19:47.963 [main] DEBUG crm.command.opportunity.CreateOpportunityCommand - Comandă finalizată: CreateOpportunityCommand (durata: 36ms)
2026-05-11 18:19:47.971 [main] DEBUG crm.command.CommandInvoker - Invocare comandă: MoveOpportunityStageCommand
2026-05-11 18:19:47.972 [main] DEBUG c.command.opportunity.MoveOpportunityStageCommand - Executare comandă: MoveOpportunityStageCommand
2026-05-11 18:19:47.974 [main] DEBUG crm.repository.OpportunityRepository - Salvare Opportunity : Opportunity(super=crm.model.entity.Opportunity@6895a785, clientId=7, title=Training Java pentru echipa dev, description=null, estimatedParticipants=20, customRequirements=null, deliveryMode=ON_SITE, preferredLocation=null, desiredStartDate=null, estimatedValue=25000.00, quotedValue=null, probabilityPercent=50, stage=PROPOSAL_SENT, expectedCloseDate=2026-06-11, actualCloseDate=null, assignedTo=null, competitors=null, lostReason=null)
2026-05-11 18:19:48.004 [main] DEBUG crm.dao.OpportunityDao - Entitate actualizată în opportunities: ID=3
2026-05-11 18:19:48.004 [main] DEBUG crm.observer.EventBus - Notificare eveniment: OPPORTUNITY_STAGE_CHANGED de la OpportunityService
2026-05-11 18:19:48.063 [main] INFO  crm.service.opportunity.OpportunityService - Oportunitate 3 mutată: NEEDS_ANALYSIS -> PROPOSAL_SENT
2026-05-11 18:19:48.063 [main] DEBUG c.command.opportunity.MoveOpportunityStageCommand - Comandă finalizată: MoveOpportunityStageCommand (durata: 91ms)
2026-05-11 18:24:01.746 [Thread-2] INFO  crm.CrmApplication - Oprire aplicație - cleanup resurse...
2026-05-11 18:24:01.747 [Thread-2] INFO  com.zaxxer.hikari.HikariDataSource - CrmHikariPool - Shutdown initiated...
2026-05-11 18:24:01.751 [Thread-2] INFO  com.zaxxer.hikari.HikariDataSource - CrmHikariPool - Shutdown completed.
2026-05-11 18:24:01.751 [Thread-2] INFO  crm.config.DatabaseConnection - Connection pool închis
2026-05-11 18:24:01.751 [Thread-2] INFO  crm.CrmApplication - Aplicație oprită.
2026-05-11 19:18:37.847 [main] INFO  crm.CrmApplication - ===================================================
2026-05-11 19:18:37.849 [main] INFO  crm.CrmApplication - Pornire CRM Training IT
2026-05-11 19:18:37.850 [main] INFO  crm.CrmApplication - ===================================================
2026-05-11 19:18:37.851 [main] INFO  crm.config.AppConfig - Valori default încărcate
2026-05-11 19:18:37.852 [main] WARN  crm.config.AppConfig - Fișier nu găsit, folosesc valori default
2026-05-11 19:18:37.852 [main] INFO  crm.CrmApplication - Aplicație: CRM Training IT v1.0.0
2026-05-11 19:18:37.869 [main] INFO  com.zaxxer.hikari.HikariDataSource - CrmHikariPool - Starting...
2026-05-11 19:18:38.090 [main] INFO  com.zaxxer.hikari.HikariDataSource - CrmHikariPool - Start completed.
2026-05-11 19:18:38.090 [main] INFO  crm.config.DatabaseConnection - Connection pool inițializat cu succes (size: 20)
2026-05-11 19:18:38.091 [main] INFO  crm.CrmApplication - Conexiune DB inițializată
2026-05-11 19:18:38.096 [main] INFO  crm.observer.EventBus - Observer global înregistrat: AuditLogObserver
2026-05-11 19:18:38.098 [main] INFO  crm.observer.EventBus - Observer înregistrat pentru evenimentul 'CONTACT_CREATED': WelcomeEmailObserver
2026-05-11 19:18:38.101 [main] INFO  crm.observer.EventBus - Observer înregistrat pentru evenimentul 'ENROLLMENT_CREATED': EnrollmentConfirmationObserver
2026-05-11 19:18:38.102 [main] INFO  crm.observer.EventBus - Observer înregistrat pentru evenimentul 'ACTIVITY_COMPLETED': LeadScoreUpdateObserver
2026-05-11 19:18:38.103 [main] INFO  crm.CrmApplication - Observer-i înregistrați cu succes
2026-05-11 19:18:38.537 [main] INFO  crm.facade.CrmFacade - CrmFacade inițializat
2026-05-11 19:24:09.085 [main] DEBUG crm.command.CommandInvoker - Invocare comandă: CreateContactCommand
2026-05-11 19:24:09.085 [main] DEBUG crm.command.contact.CreateContactCommand - Executare comandă: CreateContactCommand
2026-05-11 19:24:09.086 [main] INFO  crm.service.contact.ContactService - Creare contact: maria.demo.1778516649072@example.com
2026-05-11 19:24:09.125 [main] DEBUG crm.strategy.LeadScoringContext - Scor inițial pentru contact maria.demo.1778516649072@example.com (strategie: SimpleLeadScoring): 100
2026-05-11 19:24:09.125 [main] DEBUG crm.repository.ContactRepository - Salvare Contact : Contact(super=crm.model.entity.Contact@36b4cef0, contactType=INDIVIDUAL, firstName=Maria, lastName=Demo, birthDate=null, companyName=null, fiscalCode=null, registrationNumber=null, industry=null, employeeCount=null, email=maria.demo.1778516649072@example.com, phone=0712345678, addressStreet=null, addressCity=null, addressCounty=null, addressPostalCode=null, leadSource=WEBSITE, leadStatus=NEW, leadScore=100, experienceLevel=BEGINNER, learningGoal=Reconversie profesională în IT, firstContactDate=2026-05-11T19:24:09.062, lastContactDate=2026-05-11T19:24:09.115, assignedTo=null, gdprConsent=true, gdprConsentDate=2026-05-11T19:24:09.082, marketingConsent=true)
2026-05-11 19:24:09.179 [main] DEBUG crm.dao.ContactDao - Entitate salvată în contacts: ID=8
2026-05-11 19:24:09.180 [main] DEBUG crm.observer.EventBus - Notificare eveniment: CONTACT_CREATED de la ContactService
2026-05-11 19:24:09.296 [main] INFO  crm.service.notification.NotificationService - [EMAIL] Către: maria.demo.1778516649072@example.com, Subiect: Bine ai venit la Training IT!
2026-05-11 19:24:09.296 [main] DEBUG crm.service.notification.NotificationService - Conținut:
Salut Maria Demo,

Îți mulțumim pentru interesul față de cursurile noastre!

Suntem o companie specializată în training IT și oferim cursuri de Java, Python, AI și multe altele.

Un consultant te va contacta în curând pentru a discuta opțiunile potrivite.

Cu drag,
Echipa Training IT
2026-05-11 19:24:09.297 [main] INFO  crm.observer.listeners.WelcomeEmailObserver - Welcome email trimis către: maria.demo.1778516649072@example.com
2026-05-11 19:24:09.297 [main] INFO  crm.service.contact.ContactService - Contact creat cu ID: 8 (scor: 100)
2026-05-11 19:24:09.297 [main] DEBUG crm.command.contact.CreateContactCommand - Comandă finalizată: CreateContactCommand (durata: 211ms)
2026-05-11 19:24:09.319 [main] DEBUG crm.repository.ActivityRepository - Salvare Activity : Activity(super=crm.model.entity.Activity@32d2fa64, activityType=CALL, contactId=8, opportunityId=null, subject=Consultare inițială, description=null, scheduledDate=2026-05-12T19:24:09.301, completedDate=null, durationMinutes=30, assignedTo=1, status=SCHEDULED, priority=HIGH, outcome=null, nextSteps=null, requiresFollowup=null, followupDate=null, createdBy=null)
2026-05-11 19:24:09.345 [main] DEBUG crm.dao.ActivityDao - Entitate salvată în activities: ID=5
2026-05-11 19:24:09.346 [main] INFO  crm.service.activity.ActivityService - Activitate creată: Consultare inițială (tip: CALL)
2026-05-11 19:24:09.404 [main] DEBUG crm.repository.ActivityRepository - Salvare Activity : Activity(super=crm.model.entity.Activity@32d2fa64, activityType=CALL, contactId=8, opportunityId=null, subject=Consultare inițială, description=null, scheduledDate=2026-05-12T19:24:09, completedDate=2026-05-11T19:24:09.404, durationMinutes=30, assignedTo=1, status=COMPLETED, priority=HIGH, outcome=Persoana este interesată, nextSteps=Trimite ofertă, requiresFollowup=false, followupDate=null, createdBy=null)
2026-05-11 19:24:09.551 [main] DEBUG crm.dao.ActivityDao - Entitate actualizată în activities: ID=5
2026-05-11 19:24:09.552 [main] DEBUG crm.observer.EventBus - Notificare eveniment: ACTIVITY_COMPLETED de la ActivityService
2026-05-11 19:24:09.654 [main] DEBUG crm.repository.ContactRepository - Salvare Contact : Contact(super=crm.model.entity.Contact@36b4cef0, contactType=INDIVIDUAL, firstName=Maria, lastName=Demo, birthDate=null, companyName=null, fiscalCode=null, registrationNumber=null, industry=null, employeeCount=null, email=maria.demo.1778516649072@example.com, phone=0712345678, addressStreet=null, addressCity=null, addressCounty=null, addressPostalCode=null, leadSource=WEBSITE, leadStatus=NEW, leadScore=100, experienceLevel=BEGINNER, learningGoal=Reconversie profesională în IT, firstContactDate=2026-05-11T19:24:09, lastContactDate=2026-05-11T19:24:09, assignedTo=null, gdprConsent=true, gdprConsentDate=2026-05-11T19:24:09, marketingConsent=true)
2026-05-11 19:24:09.655 [main] DEBUG crm.dao.ContactDao - Entitate actualizată în contacts: ID=8
2026-05-11 19:24:09.707 [main] INFO  crm.service.contact.ContactService - Scor actualizat pentru contact 8: 100 -> 100 (CALLBACK_REQUESTED)
2026-05-11 19:24:09.707 [main] DEBUG crm.observer.listeners.LeadScoreUpdateObserver - Scor lead actualizat pentru contact 8 după activitate CALLBACK_REQUESTED
2026-05-11 19:24:09.707 [main] INFO  crm.service.activity.ActivityService - Activitate finalizată: 5
2026-05-11 19:24:09.716 [main] DEBUG crm.command.CommandInvoker - Invocare comandă: UpdateLeadStatusCommand
2026-05-11 19:24:09.716 [main] DEBUG crm.command.contact.UpdateLeadStatusCommand - Executare comandă: UpdateLeadStatusCommand
2026-05-11 19:24:09.754 [main] DEBUG crm.repository.ContactRepository - Salvare Contact : Contact(super=crm.model.entity.Contact@36b4cef0, contactType=INDIVIDUAL, firstName=Maria, lastName=Demo, birthDate=null, companyName=null, fiscalCode=null, registrationNumber=null, industry=null, employeeCount=null, email=maria.demo.1778516649072@example.com, phone=0712345678, addressStreet=null, addressCity=null, addressCounty=null, addressPostalCode=null, leadSource=WEBSITE, leadStatus=INTERESTED, leadScore=100, experienceLevel=BEGINNER, learningGoal=Reconversie profesională în IT, firstContactDate=2026-05-11T19:24:09, lastContactDate=2026-05-11T19:24:09.754, assignedTo=null, gdprConsent=true, gdprConsentDate=2026-05-11T19:24:09, marketingConsent=true)
2026-05-11 19:24:09.778 [main] DEBUG crm.dao.ContactDao - Entitate actualizată în contacts: ID=8
2026-05-11 19:24:09.778 [main] DEBUG crm.observer.EventBus - Notificare eveniment: LEAD_STATUS_CHANGED de la ContactService
2026-05-11 19:24:09.803 [main] INFO  crm.service.contact.ContactService - Status schimbat pentru contact 8: NEW -> INTERESTED
2026-05-11 19:24:09.803 [main] DEBUG crm.command.contact.UpdateLeadStatusCommand - Comandă finalizată: UpdateLeadStatusCommand (durata: 87ms)
2026-05-11 19:24:09.804 [main] DEBUG crm.command.CommandInvoker - Invocare comandă: CreateContactCommand
2026-05-11 19:24:09.804 [main] DEBUG crm.command.contact.CreateContactCommand - Executare comandă: CreateContactCommand
2026-05-11 19:24:09.804 [main] INFO  crm.service.contact.ContactService - Creare contact: contact.demo.1778516649804@techcorp.ro
2026-05-11 19:24:09.808 [main] DEBUG crm.strategy.LeadScoringContext - Scor inițial pentru contact contact.demo.1778516649804@techcorp.ro (strategie: B2BLeadScoring): 85
2026-05-11 19:24:09.808 [main] DEBUG crm.repository.ContactRepository - Salvare Contact : Contact(super=crm.model.entity.Contact@36b4cef0, contactType=CORPORATE, firstName=null, lastName=null, birthDate=null, companyName=TechCorp SRL Demo, fiscalCode=RO12345678, registrationNumber=J40/1234/2020, industry=IT & Software, employeeCount=150, email=contact.demo.1778516649804@techcorp.ro, phone=0212345678, addressStreet=null, addressCity=null, addressCounty=null, addressPostalCode=null, leadSource=REFERRAL, leadStatus=NEW, leadScore=85, experienceLevel=null, learningGoal=null, firstContactDate=2026-05-11T19:24:09.804, lastContactDate=2026-05-11T19:24:09.805, assignedTo=null, gdprConsent=true, gdprConsentDate=2026-05-11T19:24:09.804, marketingConsent=false)
2026-05-11 19:24:09.836 [main] DEBUG crm.dao.ContactDao - Entitate salvată în contacts: ID=9
2026-05-11 19:24:09.837 [main] DEBUG crm.observer.EventBus - Notificare eveniment: CONTACT_CREATED de la ContactService
2026-05-11 19:24:09.861 [main] INFO  crm.service.notification.NotificationService - [EMAIL] Către: contact.demo.1778516649804@techcorp.ro, Subiect: Bine ai venit la Training IT!
2026-05-11 19:24:09.862 [main] DEBUG crm.service.notification.NotificationService - Conținut:
Salut TechCorp SRL Demo,

Îți mulțumim pentru interesul față de cursurile noastre!

Suntem o companie specializată în training IT și oferim cursuri de Java, Python, AI și multe altele.

Un consultant te va contacta în curând pentru a discuta opțiunile potrivite.

Cu drag,
Echipa Training IT
2026-05-11 19:24:09.862 [main] INFO  crm.observer.listeners.WelcomeEmailObserver - Welcome email trimis către: contact.demo.1778516649804@techcorp.ro
2026-05-11 19:24:09.862 [main] INFO  crm.service.contact.ContactService - Contact creat cu ID: 9 (scor: 85)
2026-05-11 19:24:09.862 [main] DEBUG crm.command.contact.CreateContactCommand - Comandă finalizată: CreateContactCommand (durata: 58ms)
2026-05-11 19:24:09.886 [main] DEBUG crm.command.CommandInvoker - Invocare comandă: CreateOpportunityCommand
2026-05-11 19:24:09.887 [main] DEBUG crm.command.opportunity.CreateOpportunityCommand - Executare comandă: CreateOpportunityCommand
2026-05-11 19:24:09.887 [main] DEBUG crm.repository.OpportunityRepository - Salvare Opportunity : Opportunity(super=crm.model.entity.Opportunity@26a7b76d, clientId=9, title=Training Java pentru echipa dev, description=null, estimatedParticipants=20, customRequirements=null, deliveryMode=ON_SITE, preferredLocation=null, desiredStartDate=null, estimatedValue=25000, quotedValue=null, probabilityPercent=25, stage=NEEDS_ANALYSIS, expectedCloseDate=2026-06-11, actualCloseDate=null, assignedTo=null, competitors=null, lostReason=null)
2026-05-11 19:24:09.920 [main] DEBUG crm.dao.OpportunityDao - Entitate salvată în opportunities: ID=4
2026-05-11 19:24:09.920 [main] INFO  crm.service.opportunity.OpportunityService - Oportunitate creată: Training Java pentru echipa dev (client=9, valoare=25000)
2026-05-11 19:24:09.920 [main] DEBUG crm.command.opportunity.CreateOpportunityCommand - Comandă finalizată: CreateOpportunityCommand (durata: 33ms)
2026-05-11 19:24:09.922 [main] DEBUG crm.command.CommandInvoker - Invocare comandă: MoveOpportunityStageCommand
2026-05-11 19:24:09.922 [main] DEBUG c.command.opportunity.MoveOpportunityStageCommand - Executare comandă: MoveOpportunityStageCommand
2026-05-11 19:24:09.924 [main] DEBUG crm.repository.OpportunityRepository - Salvare Opportunity : Opportunity(super=crm.model.entity.Opportunity@26a7b76d, clientId=9, title=Training Java pentru echipa dev, description=null, estimatedParticipants=20, customRequirements=null, deliveryMode=ON_SITE, preferredLocation=null, desiredStartDate=null, estimatedValue=25000.00, quotedValue=null, probabilityPercent=50, stage=PROPOSAL_SENT, expectedCloseDate=2026-06-11, actualCloseDate=null, assignedTo=null, competitors=null, lostReason=null)
2026-05-11 19:24:09.953 [main] DEBUG crm.dao.OpportunityDao - Entitate actualizată în opportunities: ID=4
2026-05-11 19:24:09.954 [main] DEBUG crm.observer.EventBus - Notificare eveniment: OPPORTUNITY_STAGE_CHANGED de la OpportunityService
2026-05-11 19:24:09.986 [main] INFO  crm.service.opportunity.OpportunityService - Oportunitate 4 mutată: NEEDS_ANALYSIS -> PROPOSAL_SENT
2026-05-11 19:24:09.986 [main] DEBUG c.command.opportunity.MoveOpportunityStageCommand - Comandă finalizată: MoveOpportunityStageCommand (durata: 64ms)
2026-05-11 19:53:20.165 [Thread-0] INFO  crm.CrmApplication - Oprire aplicație - cleanup resurse...
2026-05-11 19:53:20.166 [Thread-0] INFO  com.zaxxer.hikari.HikariDataSource - CrmHikariPool - Shutdown initiated...
2026-05-11 19:53:20.169 [Thread-0] INFO  com.zaxxer.hikari.HikariDataSource - CrmHikariPool - Shutdown completed.
2026-05-11 19:53:20.169 [Thread-0] INFO  crm.config.DatabaseConnection - Connection pool închis
2026-05-11 19:53:20.169 [Thread-0] INFO  crm.CrmApplication - Aplicație oprită.
2026-05-11 19:53:31.607 [main] INFO  crm.CrmApplication - ===================================================
2026-05-11 19:53:31.610 [main] INFO  crm.CrmApplication - Pornire CRM Training IT
2026-05-11 19:53:31.610 [main] INFO  crm.CrmApplication - ===================================================
2026-05-11 19:53:31.623 [main] INFO  crm.config.AppConfig - Valori default încărcate
2026-05-11 19:53:31.624 [main] WARN  crm.config.AppConfig - Fișier nu găsit, folosesc valori default
2026-05-11 19:53:31.624 [main] INFO  crm.CrmApplication - Aplicație: CRM Training IT v1.0.0
2026-05-11 19:53:31.642 [main] INFO  com.zaxxer.hikari.HikariDataSource - CrmHikariPool - Starting...
2026-05-11 19:53:31.925 [main] INFO  com.zaxxer.hikari.HikariDataSource - CrmHikariPool - Start completed.
2026-05-11 19:53:31.926 [main] INFO  crm.config.DatabaseConnection - Connection pool inițializat cu succes (size: 20)
2026-05-11 19:53:31.926 [main] INFO  crm.CrmApplication - Conexiune DB inițializată
2026-05-11 19:53:31.931 [main] INFO  crm.observer.EventBus - Observer global înregistrat: AuditLogObserver
2026-05-11 19:53:31.933 [main] INFO  crm.observer.EventBus - Observer înregistrat pentru evenimentul 'CONTACT_CREATED': WelcomeEmailObserver
2026-05-11 19:53:31.935 [main] INFO  crm.observer.EventBus - Observer înregistrat pentru evenimentul 'ENROLLMENT_CREATED': EnrollmentConfirmationObserver
2026-05-11 19:53:31.937 [main] INFO  crm.observer.EventBus - Observer înregistrat pentru evenimentul 'ACTIVITY_COMPLETED': LeadScoreUpdateObserver
2026-05-11 19:53:31.937 [main] INFO  crm.CrmApplication - Observer-i înregistrați cu succes
2026-05-11 19:53:32.194 [main] INFO  crm.facade.CrmFacade - CrmFacade inițializat
2026-05-11 20:07:33.062 [Thread-1] INFO  crm.CrmApplication - Oprire aplicație - cleanup resurse...
2026-05-11 20:07:33.063 [Thread-1] INFO  com.zaxxer.hikari.HikariDataSource - CrmHikariPool - Shutdown initiated...
2026-05-11 20:07:33.068 [Thread-1] INFO  com.zaxxer.hikari.HikariDataSource - CrmHikariPool - Shutdown completed.
2026-05-11 20:07:33.068 [Thread-1] INFO  crm.config.DatabaseConnection - Connection pool închis
2026-05-11 20:07:33.068 [Thread-1] INFO  crm.CrmApplication - Aplicație oprită.
2026-05-11 20:07:37.825 [main] INFO  crm.CrmApplication - ===================================================
2026-05-11 20:07:37.829 [main] INFO  crm.CrmApplication - Pornire CRM Training IT
2026-05-11 20:07:37.829 [main] INFO  crm.CrmApplication - ===================================================
2026-05-11 20:07:37.831 [main] INFO  crm.config.AppConfig - Valori default încărcate
2026-05-11 20:07:37.832 [main] WARN  crm.config.AppConfig - Fișier nu găsit, folosesc valori default
2026-05-11 20:07:37.832 [main] INFO  crm.CrmApplication - Aplicație: CRM Training IT v1.0.0
2026-05-11 20:07:37.849 [main] INFO  com.zaxxer.hikari.HikariDataSource - CrmHikariPool - Starting...
2026-05-11 20:07:38.108 [main] INFO  com.zaxxer.hikari.HikariDataSource - CrmHikariPool - Start completed.
2026-05-11 20:07:38.109 [main] INFO  crm.config.DatabaseConnection - Connection pool inițializat cu succes (size: 20)
2026-05-11 20:07:38.109 [main] INFO  crm.CrmApplication - Conexiune DB inițializată
2026-05-11 20:07:38.112 [main] INFO  crm.observer.EventBus - Observer global înregistrat: AuditLogObserver
2026-05-11 20:07:38.114 [main] INFO  crm.observer.EventBus - Observer înregistrat pentru evenimentul 'CONTACT_CREATED': WelcomeEmailObserver
2026-05-11 20:07:38.115 [main] INFO  crm.observer.EventBus - Observer înregistrat pentru evenimentul 'ENROLLMENT_CREATED': EnrollmentConfirmationObserver
2026-05-11 20:07:38.116 [main] INFO  crm.observer.EventBus - Observer înregistrat pentru evenimentul 'ACTIVITY_COMPLETED': LeadScoreUpdateObserver
2026-05-11 20:07:38.116 [main] INFO  crm.CrmApplication - Observer-i înregistrați cu succes
2026-05-11 20:07:38.147 [main] INFO  crm.facade.CrmFacade - CrmFacade inițializat
2026-05-11 20:07:54.081 [main] ERROR crm.ui.ConsoleUI - Eroare în UI
java.lang.NumberFormatException: For input string: ""
	at java.lang.NumberFormatException.forInputString(NumberFormatException.java:65)
	at java.lang.Integer.parseInt(Integer.java:592)
	at java.lang.Integer.parseInt(Integer.java:615)
	at crm.ui.ConsoleUI.listHotLeads(ConsoleUI.java:162)
	at crm.ui.ConsoleUI.handleChoice(ConsoleUI.java:77)
	at crm.ui.ConsoleUI.run(ConsoleUI.java:42)
	at crm.CrmApplication.main(CrmApplication.java:50)
2026-05-11 21:03:03.984 [Thread-1] INFO  crm.CrmApplication - Oprire aplicație - cleanup resurse...
2026-05-11 21:03:03.985 [Thread-1] INFO  com.zaxxer.hikari.HikariDataSource - CrmHikariPool - Shutdown initiated...
2026-05-11 21:03:03.990 [Thread-1] INFO  com.zaxxer.hikari.HikariDataSource - CrmHikariPool - Shutdown completed.
2026-05-11 21:03:03.990 [Thread-1] INFO  crm.config.DatabaseConnection - Connection pool închis
2026-05-11 21:03:03.990 [Thread-1] INFO  crm.CrmApplication - Aplicație oprită.
2026-05-11 21:03:29.299 [main] INFO  crm.CrmApplication - ===================================================
2026-05-11 21:03:29.304 [main] INFO  crm.CrmApplication - Pornire CRM Training IT
2026-05-11 21:03:29.305 [main] INFO  crm.CrmApplication - ===================================================
2026-05-11 21:03:29.306 [main] INFO  crm.config.AppConfig - Valori default încărcate
2026-05-11 21:03:29.307 [main] WARN  crm.config.AppConfig - Fișier nu găsit, folosesc valori default
2026-05-11 21:03:29.307 [main] INFO  crm.CrmApplication - Aplicație: CRM Training IT v1.0.0
2026-05-11 21:03:29.325 [main] INFO  com.zaxxer.hikari.HikariDataSource - CrmHikariPool - Starting...
2026-05-11 21:03:29.604 [main] INFO  com.zaxxer.hikari.HikariDataSource - CrmHikariPool - Start completed.
2026-05-11 21:03:29.604 [main] INFO  crm.config.DatabaseConnection - Connection pool inițializat cu succes (size: 20)
2026-05-11 21:03:29.604 [main] INFO  crm.CrmApplication - Conexiune DB inițializată
2026-05-11 21:03:29.607 [main] INFO  crm.observer.EventBus - Observer global înregistrat: AuditLogObserver
2026-05-11 21:03:29.609 [main] INFO  crm.observer.EventBus - Observer înregistrat pentru evenimentul 'CONTACT_CREATED': WelcomeEmailObserver
2026-05-11 21:03:29.610 [main] INFO  crm.observer.EventBus - Observer înregistrat pentru evenimentul 'ENROLLMENT_CREATED': EnrollmentConfirmationObserver
2026-05-11 21:03:29.610 [main] INFO  crm.observer.EventBus - Observer înregistrat pentru evenimentul 'ACTIVITY_COMPLETED': LeadScoreUpdateObserver
2026-05-11 21:03:29.611 [main] INFO  crm.CrmApplication - Observer-i înregistrați cu succes
2026-05-11 21:03:29.655 [main] INFO  crm.facade.CrmFacade - CrmFacade inițializat
2026-05-11 21:05:09.804 [main] DEBUG crm.command.CommandInvoker - Invocare comandă: CreateContactCommand
2026-05-11 21:05:09.804 [main] DEBUG crm.command.contact.CreateContactCommand - Executare comandă: CreateContactCommand
2026-05-11 21:05:09.804 [main] INFO  crm.service.contact.ContactService - Creare contact: mark@gmail.com
2026-05-11 21:05:09.866 [main] DEBUG crm.strategy.LeadScoringContext - Scor inițial pentru contact mark@gmail.com (strategie: SimpleLeadScoring): 100
2026-05-11 21:05:09.867 [main] DEBUG crm.repository.ContactRepository - Salvare Contact : Contact(super=crm.model.entity.Contact@78e67e0a, contactType=INDIVIDUAL, firstName=Mark, lastName=P, birthDate=null, companyName=null, fiscalCode=null, registrationNumber=null, industry=null, employeeCount=null, email=mark@gmail.com, phone=0777777777, addressStreet=null, addressCity=null, addressCounty=null, addressPostalCode=null, leadSource=WEBSITE, leadStatus=NEW, leadScore=100, experienceLevel=BEGINNER, learningGoal=Reconversie profesională, firstContactDate=2026-05-11T21:05:09.790, lastContactDate=2026-05-11T21:05:09.830, assignedTo=null, gdprConsent=true, gdprConsentDate=2026-05-11T21:05:09.794, marketingConsent=false)
2026-05-11 21:05:09.962 [main] DEBUG crm.dao.ContactDao - Entitate salvată în contacts: ID=10
2026-05-11 21:05:09.963 [main] DEBUG crm.observer.EventBus - Notificare eveniment: CONTACT_CREATED de la ContactService
2026-05-11 21:05:10.106 [main] INFO  crm.service.notification.NotificationService - [EMAIL] Către: mark@gmail.com, Subiect: Bine ai venit la Training IT!
2026-05-11 21:05:10.106 [main] DEBUG crm.service.notification.NotificationService - Conținut:
Salut Mark P,

Îți mulțumim pentru interesul față de cursurile noastre!

Suntem o companie specializată în training IT și oferim cursuri de Java, Python, AI și multe altele.

Un consultant te va contacta în curând pentru a discuta opțiunile potrivite.

Cu drag,
Echipa Training IT
2026-05-11 21:05:10.106 [main] INFO  crm.observer.listeners.WelcomeEmailObserver - Welcome email trimis către: mark@gmail.com
2026-05-11 21:05:10.106 [main] INFO  crm.service.contact.ContactService - Contact creat cu ID: 10 (scor: 100)
2026-05-11 21:05:10.106 [main] DEBUG crm.command.contact.CreateContactCommand - Comandă finalizată: CreateContactCommand (durata: 302ms)
2026-05-11 22:01:55.597 [Thread-1] INFO  crm.CrmApplication - Oprire aplicație - cleanup resurse...
2026-05-11 22:01:55.598 [Thread-1] INFO  com.zaxxer.hikari.HikariDataSource - CrmHikariPool - Shutdown initiated...
2026-05-11 22:01:55.603 [Thread-1] INFO  com.zaxxer.hikari.HikariDataSource - CrmHikariPool - Shutdown completed.
2026-05-11 22:01:55.604 [Thread-1] INFO  crm.config.DatabaseConnection - Connection pool închis
2026-05-11 22:01:55.604 [Thread-1] INFO  crm.CrmApplication - Aplicație oprită.
2026-05-11 22:09:43.715 [main] INFO  crm.CrmApplication - ===================================================
2026-05-11 22:09:43.715 [main] INFO  crm.CrmApplication - Pornire CRM Training IT
2026-05-11 22:09:43.715 [main] INFO  crm.CrmApplication - ===================================================
2026-05-11 22:09:43.738 [main] INFO  crm.config.AppConfig - Valori default încărcate
2026-05-11 22:09:43.738 [main] WARN  crm.config.AppConfig - Fișier nu găsit, folosesc valori default
2026-05-11 22:09:43.739 [main] INFO  crm.CrmApplication - Aplicație: CRM Training IT v1.0.0
2026-05-11 22:09:43.766 [main] INFO  com.zaxxer.hikari.HikariDataSource - CrmHikariPool - Starting...
2026-05-11 22:09:44.008 [main] INFO  com.zaxxer.hikari.HikariDataSource - CrmHikariPool - Start completed.
2026-05-11 22:09:44.008 [main] INFO  crm.config.DatabaseConnection - Connection pool inițializat cu succes (size: 20)
2026-05-11 22:09:44.008 [main] INFO  crm.CrmApplication - Conexiune DB inițializată
2026-05-11 22:09:44.044 [main] INFO  crm.observer.EventBus - Observer global înregistrat: AuditLogObserver
2026-05-11 22:09:44.060 [main] INFO  crm.observer.EventBus - Observer înregistrat pentru evenimentul 'CONTACT_CREATED': WelcomeEmailObserver
2026-05-11 22:09:44.060 [main] INFO  crm.observer.EventBus - Observer înregistrat pentru evenimentul 'ENROLLMENT_CREATED': EnrollmentConfirmationObserver
2026-05-11 22:09:44.072 [main] INFO  crm.observer.EventBus - Observer înregistrat pentru evenimentul 'ACTIVITY_COMPLETED': LeadScoreUpdateObserver
2026-05-11 22:09:44.072 [main] INFO  crm.CrmApplication - Observer-i înregistrați cu succes
2026-05-11 22:09:44.483 [main] INFO  crm.facade.CrmFacade - CrmFacade inițializat
2026-05-11 22:09:59.477 [main] WARN  org.mariadb.jdbc.message.server.ErrorPacket - Error: 1146-42S02: Table 'crm_training.contacts' doesn't exist
2026-05-11 22:09:59.477 [main] WARN  org.mariadb.jdbc.message.server.ErrorPacket - Error: 1243-HY000: Unknown prepared statement handler (4294967295) given to mysqld_stmt_execute
2026-05-11 22:09:59.477 [main] ERROR crm.ui.ConsoleUI - Eroare în UI
crm.exception.DataAccessException: Eroare findHotLeads
	at crm.dao.ContactDao.findHotLeads(ContactDao.java:189)
	at crm.repository.ContactRepository.findHotLeads(ContactRepository.java:70)
	at crm.service.contact.ContactService.getHotLeads(ContactService.java:186)
	at crm.facade.CrmFacade.getHotLeads(CrmFacade.java:93)
	at crm.ui.ConsoleUI.listHotLeads(ConsoleUI.java:163)
	at crm.ui.ConsoleUI.handleChoice(ConsoleUI.java:77)
	at crm.ui.ConsoleUI.run(ConsoleUI.java:42)
	at crm.CrmApplication.main(CrmApplication.java:50)
Caused by: java.sql.SQLSyntaxErrorException: (conn=8) Table 'crm_training.contacts' doesn't exist
	at org.mariadb.jdbc.export.ExceptionFactory.createException(ExceptionFactory.java:282)
	at org.mariadb.jdbc.export.ExceptionFactory.create(ExceptionFactory.java:370)
	at org.mariadb.jdbc.message.client.PrepareExecutePacket.readPacket(PrepareExecutePacket.java:153)
	at org.mariadb.jdbc.client.impl.StandardClient.readPacket(StandardClient.java:872)
	at org.mariadb.jdbc.client.impl.StandardClient.readResults(StandardClient.java:811)
	at org.mariadb.jdbc.client.impl.StandardClient.execute(StandardClient.java:670)
	at org.mariadb.jdbc.ServerPreparedStatement.executePipeline(ServerPreparedStatement.java:117)
	at org.mariadb.jdbc.ServerPreparedStatement.executeInternal(ServerPreparedStatement.java:95)
	at org.mariadb.jdbc.ServerPreparedStatement.executeQuery(ServerPreparedStatement.java:431)
	at com.zaxxer.hikari.pool.ProxyPreparedStatement.executeQuery(ProxyPreparedStatement.java:52)
	at com.zaxxer.hikari.pool.HikariProxyPreparedStatement.executeQuery(HikariProxyPreparedStatement.java)
	at crm.dao.ContactDao.mapResults(ContactDao.java:257)
	at crm.dao.ContactDao.findHotLeads(ContactDao.java:187)
	... 7 common frames omitted
2026-05-11 22:11:06.852 [Thread-0] INFO  crm.CrmApplication - Oprire aplicație - cleanup resurse...
2026-05-11 22:11:06.854 [Thread-0] INFO  com.zaxxer.hikari.HikariDataSource - CrmHikariPool - Shutdown initiated...
2026-05-11 22:11:06.868 [Thread-0] INFO  com.zaxxer.hikari.HikariDataSource - CrmHikariPool - Shutdown completed.
2026-05-11 22:11:06.869 [Thread-0] INFO  crm.config.DatabaseConnection - Connection pool închis
2026-05-11 22:11:06.870 [Thread-0] INFO  crm.CrmApplication - Aplicație oprită.
