2026-06-13 02:51:52.239 [main] INFO  crm.CrmApplication - ===================================================
2026-06-13 02:51:52.254 [main] INFO  crm.CrmApplication - Pornire CRM Training IT
2026-06-13 02:51:52.254 [main] INFO  crm.CrmApplication - ===================================================
2026-06-13 02:51:52.264 [main] INFO  crm.config.AppConfig - Valori default încărcate
2026-06-13 02:51:52.264 [main] WARN  crm.config.AppConfig - Fișier nu găsit, folosesc valori default
2026-06-13 02:51:52.264 [main] INFO  crm.CrmApplication - Aplicație: CRM Training IT v1.0.0
2026-06-13 02:51:52.287 [main] INFO  com.zaxxer.hikari.HikariDataSource - CrmHikariPool - Starting...
2026-06-13 02:51:52.507 [main] INFO  com.zaxxer.hikari.HikariDataSource - CrmHikariPool - Start completed.
2026-06-13 02:51:52.509 [main] INFO  crm.config.DatabaseConnection - Connection pool inițializat cu succes (size: 20)
2026-06-13 02:51:52.509 [main] INFO  crm.CrmApplication - Conexiune DB inițializată
2026-06-13 02:51:52.519 [main] INFO  crm.observer.EventBus - Observer global înregistrat: AuditLogObserver
2026-06-13 02:51:52.523 [main] INFO  crm.observer.EventBus - Observer înregistrat pentru evenimentul 'CONTACT_CREATED': WelcomeEmailObserver
2026-06-13 02:51:52.525 [main] INFO  crm.observer.EventBus - Observer înregistrat pentru evenimentul 'ENROLLMENT_CREATED': EnrollmentConfirmationObserver
2026-06-13 02:51:52.530 [main] INFO  crm.observer.EventBus - Observer înregistrat pentru evenimentul 'ACTIVITY_COMPLETED': LeadScoreUpdateObserver
2026-06-13 02:51:52.530 [main] INFO  crm.CrmApplication - Observer-i înregistrați cu succes
2026-06-13 02:51:52.672 [main] INFO  crm.facade.CrmFacade - CrmFacade inițializat
2026-06-13 03:02:40.233 [main] DEBUG crm.repository.ActivityRepository - Salvare Activity : Activity(super=crm.model.entity.Activity@3d921e20, activityType=EMAIL, contactId=7, opportunityId=null, subject=Java Introduction, description=Email manual, scheduledDate=2026-06-13T03:02:40.233, completedDate=null, durationMinutes=null, assignedTo=null, status=SCHEDULED, priority=MEDIUM, outcome=null, nextSteps=null, requiresFollowup=null, followupDate=null, createdBy=1)
2026-06-13 03:02:40.247 [main] DEBUG crm.dao.ActivityDao - Entitate salvată în activities: ID=4
2026-06-13 03:02:40.247 [main] INFO  crm.service.activity.ActivityService - Activitate creată: Java Introduction (tip: EMAIL)
2026-06-13 03:03:41.149 [main] DEBUG crm.command.CommandInvoker - Invocare comandă: CreateOpportunityCommand
2026-06-13 03:03:41.149 [main] DEBUG crm.command.opportunity.CreateOpportunityCommand - Executare comandă: CreateOpportunityCommand
2026-06-13 03:03:41.149 [main] DEBUG crm.repository.OpportunityRepository - Salvare Opportunity : Opportunity(super=crm.model.entity.Opportunity@1a1d6a08, clientId=3, title=#1 Opportunity, description=null, estimatedParticipants=5, customRequirements=null, deliveryMode=ON_SITE, preferredLocation=null, desiredStartDate=null, estimatedValue=1000, quotedValue=null, probabilityPercent=10, stage=LEAD_QUALIFICATION, expectedCloseDate=2026-08-13, actualCloseDate=null, assignedTo=null, competitors=null, lostReason=null)
2026-06-13 03:03:41.152 [main] DEBUG crm.dao.OpportunityDao - Entitate salvată în opportunities: ID=3
2026-06-13 03:03:41.152 [main] INFO  crm.service.opportunity.OpportunityService - Oportunitate creată: #1 Opportunity (client=3, valoare=1000)
2026-06-13 03:03:41.152 [main] DEBUG crm.command.opportunity.CreateOpportunityCommand - Comandă finalizată: CreateOpportunityCommand (durata: 3ms)
2026-06-13 03:07:48.820 [main] DEBUG crm.command.CommandInvoker - Invocare comandă: MoveOpportunityStageCommand
2026-06-13 03:07:48.820 [main] DEBUG c.command.opportunity.MoveOpportunityStageCommand - Executare comandă: MoveOpportunityStageCommand
2026-06-13 03:07:48.825 [main] ERROR c.command.opportunity.MoveOpportunityStageCommand - Eroare la execuția comenzii MoveOpportunityStageCommand: Opportunity cu ID 9 nu există
2026-06-13 03:07:48.827 [main] ERROR crm.ui.ConsoleUI - Eroare în UI
crm.exception.ResourceNotFoundException: Opportunity cu ID 9 nu există
	at crm.repository.AbstractRepository.lambda$getById$0(AbstractRepository.java:53)
	at java.util.Optional.orElseThrow(Optional.java:290)
	at crm.repository.AbstractRepository.getById(AbstractRepository.java:52)
	at crm.service.opportunity.OpportunityService.moveToStage(OpportunityService.java:67)
	at crm.command.opportunity.MoveOpportunityStageCommand.doExecute(MoveOpportunityStageCommand.java:19)
	at crm.command.opportunity.MoveOpportunityStageCommand.doExecute(MoveOpportunityStageCommand.java:7)
	at crm.command.AbstractCommand.execute(AbstractCommand.java:24)
	at crm.command.CommandInvoker.invoke(CommandInvoker.java:43)
	at crm.facade.CrmFacade.moveOpportunityStage(CrmFacade.java:160)
	at crm.ui.ConsoleUI.moveOpportunityStage(ConsoleUI.java:234)
	at crm.ui.ConsoleUI.handleChoice(ConsoleUI.java:81)
	at crm.ui.ConsoleUI.run(ConsoleUI.java:42)
	at crm.CrmApplication.main(CrmApplication.java:50)
2026-06-13 03:08:02.989 [main] DEBUG crm.command.CommandInvoker - Invocare comandă: CreateContactCommand
2026-06-13 03:08:02.990 [main] DEBUG crm.command.contact.CreateContactCommand - Executare comandă: CreateContactCommand
2026-06-13 03:08:02.990 [main] INFO  crm.service.contact.ContactService - Creare contact: maria.demo.1781309282984@example.com
2026-06-13 03:08:03.007 [main] DEBUG crm.strategy.LeadScoringContext - Scor inițial pentru contact maria.demo.1781309282984@example.com (strategie: SimpleLeadScoring): 100
2026-06-13 03:08:03.007 [main] DEBUG crm.repository.ContactRepository - Salvare Contact : Contact(super=crm.model.entity.Contact@6f195bc3, contactType=INDIVIDUAL, firstName=Maria, lastName=Demo, birthDate=null, companyName=null, fiscalCode=null, registrationNumber=null, industry=null, employeeCount=null, email=maria.demo.1781309282984@example.com, phone=0712345678, addressStreet=null, addressCity=null, addressCounty=null, addressPostalCode=null, leadSource=WEBSITE, leadStatus=NEW, leadScore=100, experienceLevel=BEGINNER, learningGoal=Reconversie profesională în IT, firstContactDate=2026-06-13T03:08:02.984, lastContactDate=2026-06-13T03:08:02.991, assignedTo=null, gdprConsent=true, gdprConsentDate=2026-06-13T03:08:02.984, marketingConsent=true)
2026-06-13 03:08:03.011 [main] DEBUG crm.dao.ContactDao - Entitate salvată în contacts: ID=8
2026-06-13 03:08:03.012 [main] DEBUG crm.observer.EventBus - Notificare eveniment: CONTACT_CREATED de la ContactService
2026-06-13 03:08:03.028 [main] INFO  crm.service.notification.NotificationService - [EMAIL] Către: maria.demo.1781309282984@example.com, Subiect: Bine ai venit la Training IT!
2026-06-13 03:08:03.029 [main] DEBUG crm.service.notification.NotificationService - Conținut:
Salut Maria Demo,

Îți mulțumim pentru interesul față de cursurile noastre!

Suntem o companie specializată în training IT și oferim cursuri de Java, Python, AI și multe altele.

Un consultant te va contacta în curând pentru a discuta opțiunile potrivite.

Cu drag,
Echipa Training IT
2026-06-13 03:08:03.029 [main] INFO  crm.observer.listeners.WelcomeEmailObserver - Welcome email trimis către: maria.demo.1781309282984@example.com
2026-06-13 03:08:03.029 [main] INFO  crm.service.contact.ContactService - Contact creat cu ID: 8 (scor: 100)
2026-06-13 03:08:03.029 [main] DEBUG crm.command.contact.CreateContactCommand - Comandă finalizată: CreateContactCommand (durata: 39ms)
2026-06-13 03:08:03.029 [main] DEBUG crm.repository.ActivityRepository - Salvare Activity : Activity(super=crm.model.entity.Activity@3d921e20, activityType=CALL, contactId=8, opportunityId=null, subject=Consultare inițială, description=null, scheduledDate=2026-06-14T03:08:03.029, completedDate=null, durationMinutes=30, assignedTo=1, status=SCHEDULED, priority=HIGH, outcome=null, nextSteps=null, requiresFollowup=null, followupDate=null, createdBy=null)
2026-06-13 03:08:03.030 [main] DEBUG crm.dao.ActivityDao - Entitate salvată în activities: ID=5
2026-06-13 03:08:03.031 [main] INFO  crm.service.activity.ActivityService - Activitate creată: Consultare inițială (tip: CALL)
2026-06-13 03:08:03.034 [main] DEBUG crm.repository.ActivityRepository - Salvare Activity : Activity(super=crm.model.entity.Activity@3d921e20, activityType=CALL, contactId=8, opportunityId=null, subject=Consultare inițială, description=null, scheduledDate=2026-06-14T03:08:03, completedDate=2026-06-13T03:08:03.034, durationMinutes=30, assignedTo=1, status=COMPLETED, priority=HIGH, outcome=Persoana este interesată, nextSteps=Trimite ofertă, requiresFollowup=false, followupDate=null, createdBy=null)
2026-06-13 03:08:03.035 [main] DEBUG crm.dao.ActivityDao - Entitate actualizată în activities: ID=5
2026-06-13 03:08:03.035 [main] DEBUG crm.observer.EventBus - Notificare eveniment: ACTIVITY_COMPLETED de la ActivityService
2026-06-13 03:08:03.040 [main] DEBUG crm.repository.ContactRepository - Salvare Contact : Contact(super=crm.model.entity.Contact@6f195bc3, contactType=INDIVIDUAL, firstName=Maria, lastName=Demo, birthDate=null, companyName=null, fiscalCode=null, registrationNumber=null, industry=null, employeeCount=null, email=maria.demo.1781309282984@example.com, phone=0712345678, addressStreet=null, addressCity=null, addressCounty=null, addressPostalCode=null, leadSource=WEBSITE, leadStatus=NEW, leadScore=100, experienceLevel=BEGINNER, learningGoal=Reconversie profesională în IT, firstContactDate=2026-06-13T03:08:02, lastContactDate=2026-06-13T03:08:02, assignedTo=null, gdprConsent=true, gdprConsentDate=2026-06-13T03:08:02, marketingConsent=true)
2026-06-13 03:08:03.041 [main] DEBUG crm.dao.ContactDao - Entitate actualizată în contacts: ID=8
2026-06-13 03:08:03.042 [main] INFO  crm.service.contact.ContactService - Scor actualizat pentru contact 8: 100 -> 100 (CALLBACK_REQUESTED)
2026-06-13 03:08:03.042 [main] DEBUG crm.observer.listeners.LeadScoreUpdateObserver - Scor lead actualizat pentru contact 8 după activitate CALLBACK_REQUESTED
2026-06-13 03:08:03.042 [main] INFO  crm.service.activity.ActivityService - Activitate finalizată: 5
2026-06-13 03:08:03.046 [main] DEBUG crm.command.CommandInvoker - Invocare comandă: UpdateLeadStatusCommand
2026-06-13 03:08:03.046 [main] DEBUG crm.command.contact.UpdateLeadStatusCommand - Executare comandă: UpdateLeadStatusCommand
2026-06-13 03:08:03.046 [main] DEBUG crm.repository.ContactRepository - Salvare Contact : Contact(super=crm.model.entity.Contact@6f195bc3, contactType=INDIVIDUAL, firstName=Maria, lastName=Demo, birthDate=null, companyName=null, fiscalCode=null, registrationNumber=null, industry=null, employeeCount=null, email=maria.demo.1781309282984@example.com, phone=0712345678, addressStreet=null, addressCity=null, addressCounty=null, addressPostalCode=null, leadSource=WEBSITE, leadStatus=INTERESTED, leadScore=100, experienceLevel=BEGINNER, learningGoal=Reconversie profesională în IT, firstContactDate=2026-06-13T03:08:02, lastContactDate=2026-06-13T03:08:03.046, assignedTo=null, gdprConsent=true, gdprConsentDate=2026-06-13T03:08:02, marketingConsent=true)
2026-06-13 03:08:03.048 [main] DEBUG crm.dao.ContactDao - Entitate actualizată în contacts: ID=8
2026-06-13 03:08:03.048 [main] DEBUG crm.observer.EventBus - Notificare eveniment: LEAD_STATUS_CHANGED de la ContactService
2026-06-13 03:08:03.051 [main] INFO  crm.service.contact.ContactService - Status schimbat pentru contact 8: NEW -> INTERESTED
2026-06-13 03:08:03.051 [main] DEBUG crm.command.contact.UpdateLeadStatusCommand - Comandă finalizată: UpdateLeadStatusCommand (durata: 5ms)
2026-06-13 03:08:03.051 [main] DEBUG crm.command.CommandInvoker - Invocare comandă: CreateContactCommand
2026-06-13 03:08:03.051 [main] DEBUG crm.command.contact.CreateContactCommand - Executare comandă: CreateContactCommand
2026-06-13 03:08:03.051 [main] INFO  crm.service.contact.ContactService - Creare contact: contact.demo.1781309283051@techcorp.ro
2026-06-13 03:08:03.056 [main] DEBUG crm.strategy.LeadScoringContext - Scor inițial pentru contact contact.demo.1781309283051@techcorp.ro (strategie: B2BLeadScoring): 85
2026-06-13 03:08:03.056 [main] DEBUG crm.repository.ContactRepository - Salvare Contact : Contact(super=crm.model.entity.Contact@6f195bc3, contactType=CORPORATE, firstName=null, lastName=null, birthDate=null, companyName=TechCorp SRL Demo, fiscalCode=RO12345678, registrationNumber=J40/1234/2020, industry=IT & Software, employeeCount=150, email=contact.demo.1781309283051@techcorp.ro, phone=0212345678, addressStreet=null, addressCity=null, addressCounty=null, addressPostalCode=null, leadSource=REFERRAL, leadStatus=NEW, leadScore=85, experienceLevel=null, learningGoal=null, firstContactDate=2026-06-13T03:08:03.051, lastContactDate=2026-06-13T03:08:03.052, assignedTo=null, gdprConsent=true, gdprConsentDate=2026-06-13T03:08:03.051, marketingConsent=false)
2026-06-13 03:08:03.057 [main] DEBUG crm.dao.ContactDao - Entitate salvată în contacts: ID=9
2026-06-13 03:08:03.057 [main] DEBUG crm.observer.EventBus - Notificare eveniment: CONTACT_CREATED de la ContactService
2026-06-13 03:08:03.059 [main] INFO  crm.service.notification.NotificationService - [EMAIL] Către: contact.demo.1781309283051@techcorp.ro, Subiect: Bine ai venit la Training IT!
2026-06-13 03:08:03.059 [main] DEBUG crm.service.notification.NotificationService - Conținut:
Salut TechCorp SRL Demo,

Îți mulțumim pentru interesul față de cursurile noastre!

Suntem o companie specializată în training IT și oferim cursuri de Java, Python, AI și multe altele.

Un consultant te va contacta în curând pentru a discuta opțiunile potrivite.

Cu drag,
Echipa Training IT
2026-06-13 03:08:03.059 [main] INFO  crm.observer.listeners.WelcomeEmailObserver - Welcome email trimis către: contact.demo.1781309283051@techcorp.ro
2026-06-13 03:08:03.059 [main] INFO  crm.service.contact.ContactService - Contact creat cu ID: 9 (scor: 85)
2026-06-13 03:08:03.059 [main] DEBUG crm.command.contact.CreateContactCommand - Comandă finalizată: CreateContactCommand (durata: 8ms)
2026-06-13 03:08:03.059 [main] DEBUG crm.command.CommandInvoker - Invocare comandă: CreateOpportunityCommand
2026-06-13 03:08:03.059 [main] DEBUG crm.command.opportunity.CreateOpportunityCommand - Executare comandă: CreateOpportunityCommand
2026-06-13 03:08:03.059 [main] DEBUG crm.repository.OpportunityRepository - Salvare Opportunity : Opportunity(super=crm.model.entity.Opportunity@1a1d6a08, clientId=9, title=Training Java pentru echipa dev, description=null, estimatedParticipants=20, customRequirements=null, deliveryMode=ON_SITE, preferredLocation=null, desiredStartDate=null, estimatedValue=25000, quotedValue=null, probabilityPercent=25, stage=NEEDS_ANALYSIS, expectedCloseDate=2026-07-13, actualCloseDate=null, assignedTo=null, competitors=null, lostReason=null)
2026-06-13 03:08:03.060 [main] DEBUG crm.dao.OpportunityDao - Entitate salvată în opportunities: ID=4
2026-06-13 03:08:03.060 [main] INFO  crm.service.opportunity.OpportunityService - Oportunitate creată: Training Java pentru echipa dev (client=9, valoare=25000)
2026-06-13 03:08:03.060 [main] DEBUG crm.command.opportunity.CreateOpportunityCommand - Comandă finalizată: CreateOpportunityCommand (durata: 1ms)
2026-06-13 03:08:03.060 [main] DEBUG crm.command.CommandInvoker - Invocare comandă: MoveOpportunityStageCommand
2026-06-13 03:08:03.060 [main] DEBUG c.command.opportunity.MoveOpportunityStageCommand - Executare comandă: MoveOpportunityStageCommand
2026-06-13 03:08:03.060 [main] DEBUG crm.repository.OpportunityRepository - Salvare Opportunity : Opportunity(super=crm.model.entity.Opportunity@1a1d6a08, clientId=9, title=Training Java pentru echipa dev, description=null, estimatedParticipants=20, customRequirements=null, deliveryMode=ON_SITE, preferredLocation=null, desiredStartDate=null, estimatedValue=25000.00, quotedValue=null, probabilityPercent=50, stage=PROPOSAL_SENT, expectedCloseDate=2026-07-13, actualCloseDate=null, assignedTo=null, competitors=null, lostReason=null)
2026-06-13 03:08:03.062 [main] DEBUG crm.dao.OpportunityDao - Entitate actualizată în opportunities: ID=4
2026-06-13 03:08:03.062 [main] DEBUG crm.observer.EventBus - Notificare eveniment: OPPORTUNITY_STAGE_CHANGED de la OpportunityService
2026-06-13 03:08:03.066 [main] INFO  crm.service.opportunity.OpportunityService - Oportunitate 4 mutată: NEEDS_ANALYSIS -> PROPOSAL_SENT
2026-06-13 03:08:03.066 [main] DEBUG c.command.opportunity.MoveOpportunityStageCommand - Comandă finalizată: MoveOpportunityStageCommand (durata: 6ms)
2026-06-13 03:08:11.593 [Thread-0] INFO  crm.CrmApplication - Oprire aplicație - cleanup resurse...
2026-06-13 03:08:11.593 [Thread-0] INFO  com.zaxxer.hikari.HikariDataSource - CrmHikariPool - Shutdown initiated...
2026-06-13 03:08:11.597 [Thread-0] INFO  com.zaxxer.hikari.HikariDataSource - CrmHikariPool - Shutdown completed.
2026-06-13 03:08:11.597 [Thread-0] INFO  crm.config.DatabaseConnection - Connection pool închis
2026-06-13 03:08:11.597 [Thread-0] INFO  crm.CrmApplication - Aplicație oprită.
2026-06-13 13:17:28.712 [main] INFO  crm.CrmApplication - ===================================================
2026-06-13 13:17:28.717 [main] INFO  crm.CrmApplication - Pornire CRM Training IT
2026-06-13 13:17:28.717 [main] INFO  crm.CrmApplication - ===================================================
2026-06-13 13:17:28.726 [main] INFO  crm.config.AppConfig - Valori default încărcate
2026-06-13 13:17:28.726 [main] WARN  crm.config.AppConfig - Fișier nu găsit, folosesc valori default
2026-06-13 13:17:28.727 [main] INFO  crm.CrmApplication - Aplicație: CRM Training IT v1.0.0
2026-06-13 13:17:28.749 [main] INFO  com.zaxxer.hikari.HikariDataSource - CrmHikariPool - Starting...
2026-06-13 13:17:29.025 [main] INFO  com.zaxxer.hikari.HikariDataSource - CrmHikariPool - Start completed.
2026-06-13 13:17:29.026 [main] INFO  crm.config.DatabaseConnection - Connection pool inițializat cu succes (size: 20)
2026-06-13 13:17:29.026 [main] INFO  crm.CrmApplication - Conexiune DB inițializată
2026-06-13 13:17:29.039 [main] INFO  crm.observer.EventBus - Observer global înregistrat: AuditLogObserver
2026-06-13 13:17:29.044 [main] INFO  crm.observer.EventBus - Observer înregistrat pentru evenimentul 'CONTACT_CREATED': WelcomeEmailObserver
2026-06-13 13:17:29.051 [main] INFO  crm.observer.EventBus - Observer înregistrat pentru evenimentul 'ENROLLMENT_CREATED': EnrollmentConfirmationObserver
2026-06-13 13:17:29.056 [main] INFO  crm.observer.EventBus - Observer înregistrat pentru evenimentul 'ACTIVITY_COMPLETED': LeadScoreUpdateObserver
2026-06-13 13:17:29.056 [main] INFO  crm.CrmApplication - Observer-i înregistrați cu succes
2026-06-13 13:17:29.275 [main] INFO  crm.facade.CrmFacade - CrmFacade inițializat
2026-06-13 13:19:09.612 [main] DEBUG crm.command.CommandInvoker - Invocare comandă: CreateContactCommand
2026-06-13 13:19:09.612 [main] DEBUG crm.command.contact.CreateContactCommand - Executare comandă: CreateContactCommand
2026-06-13 13:19:09.612 [main] INFO  crm.service.contact.ContactService - Creare contact: sebastian.kalciov@gmail.com
2026-06-13 13:19:09.641 [main] DEBUG crm.strategy.LeadScoringContext - Scor inițial pentru contact sebastian.kalciov@gmail.com (strategie: B2BLeadScoring): 55
2026-06-13 13:19:09.641 [main] DEBUG crm.repository.ContactRepository - Salvare Contact : Contact(super=crm.model.entity.Contact@7d70d1b1, contactType=CORPORATE, firstName=null, lastName=null, birthDate=null, companyName=Sensidev, fiscalCode=44556, registrationNumber=null, industry=IT, employeeCount=9, email=sebastian.kalciov@gmail.com, phone=null, addressStreet=null, addressCity=null, addressCounty=null, addressPostalCode=null, leadSource=REFERRAL, leadStatus=NEW, leadScore=55, experienceLevel=null, learningGoal=null, firstContactDate=2026-06-13T13:19:09.600, lastContactDate=2026-06-13T13:19:09.631, assignedTo=null, gdprConsent=true, gdprConsentDate=2026-06-13T13:19:09.608, marketingConsent=false)
2026-06-13 13:19:09.648 [main] DEBUG crm.dao.ContactDao - Entitate salvată în contacts: ID=10
2026-06-13 13:19:09.648 [main] DEBUG crm.observer.EventBus - Notificare eveniment: CONTACT_CREATED de la ContactService
2026-06-13 13:19:09.669 [main] INFO  crm.service.notification.NotificationService - [EMAIL] Către: sebastian.kalciov@gmail.com, Subiect: Bine ai venit la Training IT!
2026-06-13 13:19:09.669 [main] DEBUG crm.service.notification.NotificationService - Conținut:
Salut Sensidev,

Îți mulțumim pentru interesul față de cursurile noastre!

Suntem o companie specializată în training IT și oferim cursuri de Java, Python, AI și multe altele.

Un consultant te va contacta în curând pentru a discuta opțiunile potrivite.

Cu drag,
Echipa Training IT
2026-06-13 13:19:09.669 [main] INFO  crm.observer.listeners.WelcomeEmailObserver - Welcome email trimis către: sebastian.kalciov@gmail.com
2026-06-13 13:19:09.670 [main] INFO  crm.service.contact.ContactService - Contact creat cu ID: 10 (scor: 55)
2026-06-13 13:19:09.670 [main] DEBUG crm.command.contact.CreateContactCommand - Comandă finalizată: CreateContactCommand (durata: 58ms)
2026-06-13 13:27:56.416 [Thread-0] INFO  crm.CrmApplication - Oprire aplicație - cleanup resurse...
2026-06-13 13:27:56.437 [Thread-0] INFO  com.zaxxer.hikari.HikariDataSource - CrmHikariPool - Shutdown initiated...
2026-06-13 13:27:56.440 [Thread-0] INFO  com.zaxxer.hikari.HikariDataSource - CrmHikariPool - Shutdown completed.
2026-06-13 13:27:56.440 [Thread-0] INFO  crm.config.DatabaseConnection - Connection pool închis
2026-06-13 13:27:56.440 [Thread-0] INFO  crm.CrmApplication - Aplicație oprită.
2026-06-13 13:29:36.718 [main] INFO  crm.config.AppConfig - Valori default încărcate
2026-06-13 13:29:36.721 [main] WARN  crm.config.AppConfig - Fișier nu găsit, folosesc valori default
2026-06-13 13:29:36.729 [main] INFO  com.zaxxer.hikari.HikariDataSource - CrmHikariPool - Starting...
2026-06-13 13:29:36.841 [main] INFO  com.zaxxer.hikari.HikariDataSource - CrmHikariPool - Start completed.
2026-06-13 13:29:36.841 [main] INFO  crm.config.DatabaseConnection - Connection pool inițializat cu succes (size: 20)
2026-06-13 13:29:36.913 [main] INFO  crm.facade.CrmFacade - CrmFacade inițializat
2026-06-13 13:30:59.819 [AWT-EventQueue-0] INFO  crm.CrmApplication - Aplicație: CRM Training IT v1.0.0
2026-06-13 13:30:59.819 [AWT-EventQueue-0] INFO  crm.CrmApplication - Conexiune DB inițializată
2026-06-13 13:30:59.820 [AWT-EventQueue-0] INFO  crm.observer.EventBus - Observer global înregistrat: AuditLogObserver
2026-06-13 13:30:59.821 [AWT-EventQueue-0] INFO  crm.observer.EventBus - Observer înregistrat pentru evenimentul 'CONTACT_CREATED': WelcomeEmailObserver
2026-06-13 13:30:59.821 [AWT-EventQueue-0] INFO  crm.observer.EventBus - Observer înregistrat pentru evenimentul 'ENROLLMENT_CREATED': EnrollmentConfirmationObserver
2026-06-13 13:30:59.822 [AWT-EventQueue-0] INFO  crm.observer.EventBus - Observer înregistrat pentru evenimentul 'ACTIVITY_COMPLETED': LeadScoreUpdateObserver
2026-06-13 13:30:59.822 [AWT-EventQueue-0] INFO  crm.CrmApplication - Observer-i înregistrați cu succes
2026-06-13 13:30:59.842 [AWT-EventQueue-0] DEBUG crm.command.CommandInvoker - Invocare comandă: CreateContactCommand
2026-06-13 13:30:59.842 [AWT-EventQueue-0] DEBUG crm.command.contact.CreateContactCommand - Executare comandă: CreateContactCommand
2026-06-13 13:30:59.842 [AWT-EventQueue-0] INFO  crm.service.contact.ContactService - Creare contact: companie7@gmail.com
2026-06-13 13:30:59.867 [AWT-EventQueue-0] DEBUG crm.strategy.LeadScoringContext - Scor inițial pentru contact companie7@gmail.com (strategie: B2BLeadScoring): 45
2026-06-13 13:30:59.867 [AWT-EventQueue-0] DEBUG crm.repository.ContactRepository - Salvare Contact : Contact(super=crm.model.entity.Contact@1142dc9e, contactType=CORPORATE, firstName=null, lastName=null, birthDate=null, companyName=Companie7, fiscalCode=226655, registrationNumber=null, industry=ML, employeeCount=4, email=companie7@gmail.com, phone=null, addressStreet=null, addressCity=null, addressCounty=null, addressPostalCode=null, leadSource=REFERRAL, leadStatus=NEW, leadScore=45, experienceLevel=null, learningGoal=null, firstContactDate=2026-06-13T13:30:59.832, lastContactDate=2026-06-13T13:30:59.858, assignedTo=null, gdprConsent=true, gdprConsentDate=2026-06-13T13:30:59.837, marketingConsent=false)
2026-06-13 13:30:59.871 [AWT-EventQueue-0] DEBUG crm.dao.ContactDao - Entitate salvată în contacts: ID=11
2026-06-13 13:30:59.872 [AWT-EventQueue-0] DEBUG crm.observer.EventBus - Notificare eveniment: CONTACT_CREATED de la ContactService
2026-06-13 13:30:59.889 [AWT-EventQueue-0] INFO  crm.service.notification.NotificationService - [EMAIL] Către: companie7@gmail.com, Subiect: Bine ai venit la Training IT!
2026-06-13 13:30:59.890 [AWT-EventQueue-0] DEBUG crm.service.notification.NotificationService - Conținut:
Salut Companie7,

Îți mulțumim pentru interesul față de cursurile noastre!

Suntem o companie specializată în training IT și oferim cursuri de Java, Python, AI și multe altele.

Un consultant te va contacta în curând pentru a discuta opțiunile potrivite.

Cu drag,
Echipa Training IT
2026-06-13 13:30:59.890 [AWT-EventQueue-0] INFO  crm.observer.listeners.WelcomeEmailObserver - Welcome email trimis către: companie7@gmail.com
2026-06-13 13:30:59.890 [AWT-EventQueue-0] INFO  crm.service.contact.ContactService - Contact creat cu ID: 11 (scor: 45)
2026-06-13 13:30:59.890 [AWT-EventQueue-0] DEBUG crm.command.contact.CreateContactCommand - Comandă finalizată: CreateContactCommand (durata: 48ms)
2026-06-13 13:43:23.957 [Thread-4] INFO  crm.CrmApplication - Oprire aplicație - cleanup resurse...
2026-06-13 13:43:23.957 [Thread-4] INFO  com.zaxxer.hikari.HikariDataSource - CrmHikariPool - Shutdown initiated...
2026-06-13 13:43:23.961 [Thread-4] INFO  com.zaxxer.hikari.HikariDataSource - CrmHikariPool - Shutdown completed.
2026-06-13 13:43:23.962 [Thread-4] INFO  crm.config.DatabaseConnection - Connection pool închis
2026-06-13 13:43:23.962 [Thread-4] INFO  crm.CrmApplication - Aplicație oprită.
2026-06-13 14:19:59.971 [main] INFO  crm.config.AppConfig - Valori default încărcate
2026-06-13 14:19:59.973 [main] WARN  crm.config.AppConfig - Fișier nu găsit, folosesc valori default
2026-06-13 14:19:59.982 [main] INFO  com.zaxxer.hikari.HikariDataSource - CrmHikariPool - Starting...
2026-06-13 14:20:00.080 [main] INFO  com.zaxxer.hikari.HikariDataSource - CrmHikariPool - Start completed.
2026-06-13 14:20:00.080 [main] INFO  crm.config.DatabaseConnection - Connection pool inițializat cu succes (size: 20)
2026-06-13 14:20:00.096 [main] INFO  crm.facade.CrmFacade - CrmFacade inițializat
2026-06-13 14:20:03.432 [AWT-EventQueue-0] INFO  crm.CrmApplication - Aplicație: CRM Training IT v1.0.0
2026-06-13 14:20:03.432 [AWT-EventQueue-0] INFO  crm.CrmApplication - Conexiune DB inițializată
2026-06-13 14:20:03.434 [AWT-EventQueue-0] INFO  crm.observer.EventBus - Observer global înregistrat: AuditLogObserver
2026-06-13 14:20:03.436 [AWT-EventQueue-0] INFO  crm.observer.EventBus - Observer înregistrat pentru evenimentul 'CONTACT_CREATED': WelcomeEmailObserver
2026-06-13 14:20:03.436 [AWT-EventQueue-0] INFO  crm.observer.EventBus - Observer înregistrat pentru evenimentul 'ENROLLMENT_CREATED': EnrollmentConfirmationObserver
2026-06-13 14:20:03.437 [AWT-EventQueue-0] INFO  crm.observer.EventBus - Observer înregistrat pentru evenimentul 'ACTIVITY_COMPLETED': LeadScoreUpdateObserver
2026-06-13 14:20:03.437 [AWT-EventQueue-0] INFO  crm.CrmApplication - Observer-i înregistrați cu succes
2026-06-13 14:20:09.116 [Thread-4] INFO  crm.CrmApplication - Oprire aplicație - cleanup resurse...
2026-06-13 14:20:09.117 [Thread-4] INFO  com.zaxxer.hikari.HikariDataSource - CrmHikariPool - Shutdown initiated...
2026-06-13 14:20:09.121 [Thread-4] INFO  com.zaxxer.hikari.HikariDataSource - CrmHikariPool - Shutdown completed.
2026-06-13 14:20:09.121 [Thread-4] INFO  crm.config.DatabaseConnection - Connection pool închis
2026-06-13 14:20:09.121 [Thread-4] INFO  crm.CrmApplication - Aplicație oprită.
2026-06-13 14:21:27.042 [main] INFO  crm.CrmApplication - ===================================================
2026-06-13 14:21:27.044 [main] INFO  crm.CrmApplication - Pornire CRM Training IT
2026-06-13 14:21:27.044 [main] INFO  crm.CrmApplication - ===================================================
2026-06-13 14:21:27.045 [main] INFO  crm.config.AppConfig - Valori default încărcate
2026-06-13 14:21:27.046 [main] WARN  crm.config.AppConfig - Fișier nu găsit, folosesc valori default
2026-06-13 14:21:27.046 [main] INFO  crm.CrmApplication - Aplicație: CRM Training IT v1.0.0
2026-06-13 14:21:27.058 [main] INFO  com.zaxxer.hikari.HikariDataSource - CrmHikariPool - Starting...
2026-06-13 14:21:27.193 [main] INFO  com.zaxxer.hikari.HikariDataSource - CrmHikariPool - Start completed.
2026-06-13 14:21:27.194 [main] INFO  crm.config.DatabaseConnection - Connection pool inițializat cu succes (size: 20)
2026-06-13 14:21:27.194 [main] INFO  crm.CrmApplication - Conexiune DB inițializată
2026-06-13 14:21:27.195 [main] INFO  crm.observer.EventBus - Observer global înregistrat: AuditLogObserver
2026-06-13 14:21:27.196 [main] INFO  crm.observer.EventBus - Observer înregistrat pentru evenimentul 'CONTACT_CREATED': WelcomeEmailObserver
2026-06-13 14:21:27.197 [main] INFO  crm.observer.EventBus - Observer înregistrat pentru evenimentul 'ENROLLMENT_CREATED': EnrollmentConfirmationObserver
2026-06-13 14:21:27.198 [main] INFO  crm.observer.EventBus - Observer înregistrat pentru evenimentul 'ACTIVITY_COMPLETED': LeadScoreUpdateObserver
2026-06-13 14:21:27.198 [main] INFO  crm.CrmApplication - Observer-i înregistrați cu succes
2026-06-13 14:21:27.231 [main] INFO  crm.facade.CrmFacade - CrmFacade inițializat
2026-06-13 14:21:31.244 [main] DEBUG crm.command.CommandInvoker - Invocare comandă: CreateContactCommand
2026-06-13 14:21:31.244 [main] DEBUG crm.command.contact.CreateContactCommand - Executare comandă: CreateContactCommand
2026-06-13 14:21:31.244 [main] INFO  crm.service.contact.ContactService - Creare contact: maria.demo.1781349691234@example.com
2026-06-13 14:21:31.279 [main] DEBUG crm.strategy.LeadScoringContext - Scor inițial pentru contact maria.demo.1781349691234@example.com (strategie: SimpleLeadScoring): 100
2026-06-13 14:21:31.279 [main] DEBUG crm.repository.ContactRepository - Salvare Contact : Contact(super=crm.model.entity.Contact@80503, contactType=INDIVIDUAL, firstName=Maria, lastName=Demo, birthDate=null, companyName=null, fiscalCode=null, registrationNumber=null, industry=null, employeeCount=null, email=maria.demo.1781349691234@example.com, phone=0712345678, addressStreet=null, addressCity=null, addressCounty=null, addressPostalCode=null, leadSource=WEBSITE, leadStatus=NEW, leadScore=100, experienceLevel=BEGINNER, learningGoal=Reconversie profesională în IT, firstContactDate=2026-06-13T14:21:31.232, lastContactDate=2026-06-13T14:21:31.264, assignedTo=null, gdprConsent=true, gdprConsentDate=2026-06-13T14:21:31.238, marketingConsent=true)
2026-06-13 14:21:31.282 [main] DEBUG crm.dao.ContactDao - Entitate salvată în contacts: ID=12
2026-06-13 14:21:31.282 [main] DEBUG crm.observer.EventBus - Notificare eveniment: CONTACT_CREATED de la ContactService
2026-06-13 14:21:31.302 [main] INFO  crm.service.notification.NotificationService - [EMAIL] Către: maria.demo.1781349691234@example.com, Subiect: Bine ai venit la Training IT!
2026-06-13 14:21:31.302 [main] DEBUG crm.service.notification.NotificationService - Conținut:
Salut Maria Demo,

Îți mulțumim pentru interesul față de cursurile noastre!

Suntem o companie specializată în training IT și oferim cursuri de Java, Python, AI și multe altele.

Un consultant te va contacta în curând pentru a discuta opțiunile potrivite.

Cu drag,
Echipa Training IT
2026-06-13 14:21:31.302 [main] INFO  crm.observer.listeners.WelcomeEmailObserver - Welcome email trimis către: maria.demo.1781349691234@example.com
2026-06-13 14:21:31.303 [main] INFO  crm.service.contact.ContactService - Contact creat cu ID: 12 (scor: 100)
2026-06-13 14:21:31.303 [main] DEBUG crm.command.contact.CreateContactCommand - Comandă finalizată: CreateContactCommand (durata: 59ms)
2026-06-13 14:21:31.309 [main] DEBUG crm.repository.ActivityRepository - Salvare Activity : Activity(super=crm.model.entity.Activity@7d70d1b1, activityType=CALL, contactId=12, opportunityId=null, subject=Consultare inițială, description=null, scheduledDate=2026-06-14T14:21:31.303, completedDate=null, durationMinutes=30, assignedTo=1, status=SCHEDULED, priority=HIGH, outcome=null, nextSteps=null, requiresFollowup=null, followupDate=null, createdBy=null)
2026-06-13 14:21:31.311 [main] DEBUG crm.dao.ActivityDao - Entitate salvată în activities: ID=6
2026-06-13 14:21:31.312 [main] INFO  crm.service.activity.ActivityService - Activitate creată: Consultare inițială (tip: CALL)
2026-06-13 14:21:31.317 [main] DEBUG crm.repository.ActivityRepository - Salvare Activity : Activity(super=crm.model.entity.Activity@7d70d1b1, activityType=CALL, contactId=12, opportunityId=null, subject=Consultare inițială, description=null, scheduledDate=2026-06-14T14:21:31, completedDate=2026-06-13T14:21:31.317, durationMinutes=30, assignedTo=1, status=COMPLETED, priority=HIGH, outcome=Persoana este interesată, nextSteps=Trimite ofertă, requiresFollowup=false, followupDate=null, createdBy=null)
2026-06-13 14:21:31.319 [main] DEBUG crm.dao.ActivityDao - Entitate actualizată în activities: ID=6
2026-06-13 14:21:31.320 [main] DEBUG crm.observer.EventBus - Notificare eveniment: ACTIVITY_COMPLETED de la ActivityService
2026-06-13 14:21:31.326 [main] DEBUG crm.repository.ContactRepository - Salvare Contact : Contact(super=crm.model.entity.Contact@80503, contactType=INDIVIDUAL, firstName=Maria, lastName=Demo, birthDate=null, companyName=null, fiscalCode=null, registrationNumber=null, industry=null, employeeCount=null, email=maria.demo.1781349691234@example.com, phone=0712345678, addressStreet=null, addressCity=null, addressCounty=null, addressPostalCode=null, leadSource=WEBSITE, leadStatus=NEW, leadScore=100, experienceLevel=BEGINNER, learningGoal=Reconversie profesională în IT, firstContactDate=2026-06-13T14:21:31, lastContactDate=2026-06-13T14:21:31, assignedTo=null, gdprConsent=true, gdprConsentDate=2026-06-13T14:21:31, marketingConsent=true)
2026-06-13 14:21:31.327 [main] DEBUG crm.dao.ContactDao - Entitate actualizată în contacts: ID=12
2026-06-13 14:21:31.329 [main] INFO  crm.service.contact.ContactService - Scor actualizat pentru contact 12: 100 -> 100 (CALLBACK_REQUESTED)
2026-06-13 14:21:31.329 [main] DEBUG crm.observer.listeners.LeadScoreUpdateObserver - Scor lead actualizat pentru contact 12 după activitate CALLBACK_REQUESTED
2026-06-13 14:21:31.329 [main] INFO  crm.service.activity.ActivityService - Activitate finalizată: 6
2026-06-13 14:21:31.333 [main] DEBUG crm.command.CommandInvoker - Invocare comandă: UpdateLeadStatusCommand
2026-06-13 14:21:31.333 [main] DEBUG crm.command.contact.UpdateLeadStatusCommand - Executare comandă: UpdateLeadStatusCommand
2026-06-13 14:21:31.335 [main] DEBUG crm.repository.ContactRepository - Salvare Contact : Contact(super=crm.model.entity.Contact@80503, contactType=INDIVIDUAL, firstName=Maria, lastName=Demo, birthDate=null, companyName=null, fiscalCode=null, registrationNumber=null, industry=null, employeeCount=null, email=maria.demo.1781349691234@example.com, phone=0712345678, addressStreet=null, addressCity=null, addressCounty=null, addressPostalCode=null, leadSource=WEBSITE, leadStatus=INTERESTED, leadScore=100, experienceLevel=BEGINNER, learningGoal=Reconversie profesională în IT, firstContactDate=2026-06-13T14:21:31, lastContactDate=2026-06-13T14:21:31.335, assignedTo=null, gdprConsent=true, gdprConsentDate=2026-06-13T14:21:31, marketingConsent=true)
2026-06-13 14:21:31.337 [main] DEBUG crm.dao.ContactDao - Entitate actualizată în contacts: ID=12
2026-06-13 14:21:31.337 [main] DEBUG crm.observer.EventBus - Notificare eveniment: LEAD_STATUS_CHANGED de la ContactService
2026-06-13 14:21:31.338 [main] INFO  crm.service.contact.ContactService - Status schimbat pentru contact 12: NEW -> INTERESTED
2026-06-13 14:21:31.338 [main] DEBUG crm.command.contact.UpdateLeadStatusCommand - Comandă finalizată: UpdateLeadStatusCommand (durata: 4ms)
2026-06-13 14:21:31.338 [main] DEBUG crm.command.CommandInvoker - Invocare comandă: CreateContactCommand
2026-06-13 14:21:31.338 [main] DEBUG crm.command.contact.CreateContactCommand - Executare comandă: CreateContactCommand
2026-06-13 14:21:31.338 [main] INFO  crm.service.contact.ContactService - Creare contact: contact.demo.1781349691338@techcorp.ro
2026-06-13 14:21:31.343 [main] DEBUG crm.strategy.LeadScoringContext - Scor inițial pentru contact contact.demo.1781349691338@techcorp.ro (strategie: B2BLeadScoring): 85
2026-06-13 14:21:31.343 [main] DEBUG crm.repository.ContactRepository - Salvare Contact : Contact(super=crm.model.entity.Contact@80503, contactType=CORPORATE, firstName=null, lastName=null, birthDate=null, companyName=TechCorp SRL Demo, fiscalCode=RO12345678, registrationNumber=J40/1234/2020, industry=IT & Software, employeeCount=150, email=contact.demo.1781349691338@techcorp.ro, phone=0212345678, addressStreet=null, addressCity=null, addressCounty=null, addressPostalCode=null, leadSource=REFERRAL, leadStatus=NEW, leadScore=85, experienceLevel=null, learningGoal=null, firstContactDate=2026-06-13T14:21:31.338, lastContactDate=2026-06-13T14:21:31.339, assignedTo=null, gdprConsent=true, gdprConsentDate=2026-06-13T14:21:31.338, marketingConsent=false)
2026-06-13 14:21:31.344 [main] DEBUG crm.dao.ContactDao - Entitate salvată în contacts: ID=13
2026-06-13 14:21:31.344 [main] DEBUG crm.observer.EventBus - Notificare eveniment: CONTACT_CREATED de la ContactService
2026-06-13 14:21:31.347 [main] INFO  crm.service.notification.NotificationService - [EMAIL] Către: contact.demo.1781349691338@techcorp.ro, Subiect: Bine ai venit la Training IT!
2026-06-13 14:21:31.347 [main] DEBUG crm.service.notification.NotificationService - Conținut:
Salut TechCorp SRL Demo,

Îți mulțumim pentru interesul față de cursurile noastre!

Suntem o companie specializată în training IT și oferim cursuri de Java, Python, AI și multe altele.

Un consultant te va contacta în curând pentru a discuta opțiunile potrivite.

Cu drag,
Echipa Training IT
2026-06-13 14:21:31.347 [main] INFO  crm.observer.listeners.WelcomeEmailObserver - Welcome email trimis către: contact.demo.1781349691338@techcorp.ro
2026-06-13 14:21:31.347 [main] INFO  crm.service.contact.ContactService - Contact creat cu ID: 13 (scor: 85)
2026-06-13 14:21:31.347 [main] DEBUG crm.command.contact.CreateContactCommand - Comandă finalizată: CreateContactCommand (durata: 9ms)
2026-06-13 14:21:31.353 [main] DEBUG crm.command.CommandInvoker - Invocare comandă: CreateOpportunityCommand
2026-06-13 14:21:31.354 [main] DEBUG crm.command.opportunity.CreateOpportunityCommand - Executare comandă: CreateOpportunityCommand
2026-06-13 14:21:31.354 [main] DEBUG crm.repository.OpportunityRepository - Salvare Opportunity : Opportunity(super=crm.model.entity.Opportunity@2353b3e6, clientId=13, title=Training Java pentru echipa dev, description=null, estimatedParticipants=20, customRequirements=null, deliveryMode=ON_SITE, preferredLocation=null, desiredStartDate=null, estimatedValue=25000, quotedValue=null, probabilityPercent=25, stage=NEEDS_ANALYSIS, expectedCloseDate=2026-07-13, actualCloseDate=null, assignedTo=null, competitors=null, lostReason=null)
2026-06-13 14:21:31.356 [main] DEBUG crm.dao.OpportunityDao - Entitate salvată în opportunities: ID=5
2026-06-13 14:21:31.356 [main] INFO  crm.service.opportunity.OpportunityService - Oportunitate creată: Training Java pentru echipa dev (client=13, valoare=25000)
2026-06-13 14:21:31.356 [main] DEBUG crm.command.opportunity.CreateOpportunityCommand - Comandă finalizată: CreateOpportunityCommand (durata: 2ms)
2026-06-13 14:21:31.359 [main] DEBUG crm.command.CommandInvoker - Invocare comandă: MoveOpportunityStageCommand
2026-06-13 14:21:31.359 [main] DEBUG c.command.opportunity.MoveOpportunityStageCommand - Executare comandă: MoveOpportunityStageCommand
2026-06-13 14:21:31.361 [main] DEBUG crm.repository.OpportunityRepository - Salvare Opportunity : Opportunity(super=crm.model.entity.Opportunity@2353b3e6, clientId=13, title=Training Java pentru echipa dev, description=null, estimatedParticipants=20, customRequirements=null, deliveryMode=ON_SITE, preferredLocation=null, desiredStartDate=null, estimatedValue=25000.00, quotedValue=null, probabilityPercent=50, stage=PROPOSAL_SENT, expectedCloseDate=2026-07-13, actualCloseDate=null, assignedTo=null, competitors=null, lostReason=null)
2026-06-13 14:21:31.363 [main] DEBUG crm.dao.OpportunityDao - Entitate actualizată în opportunities: ID=5
2026-06-13 14:21:31.363 [main] DEBUG crm.observer.EventBus - Notificare eveniment: OPPORTUNITY_STAGE_CHANGED de la OpportunityService
2026-06-13 14:21:31.369 [main] INFO  crm.service.opportunity.OpportunityService - Oportunitate 5 mutată: NEEDS_ANALYSIS -> PROPOSAL_SENT
2026-06-13 14:21:31.369 [main] DEBUG c.command.opportunity.MoveOpportunityStageCommand - Comandă finalizată: MoveOpportunityStageCommand (durata: 10ms)
2026-06-13 14:21:53.968 [Thread-1] INFO  crm.CrmApplication - Oprire aplicație - cleanup resurse...
2026-06-13 14:21:53.968 [Thread-1] INFO  com.zaxxer.hikari.HikariDataSource - CrmHikariPool - Shutdown initiated...
2026-06-13 14:21:53.971 [Thread-1] INFO  com.zaxxer.hikari.HikariDataSource - CrmHikariPool - Shutdown completed.
2026-06-13 14:21:53.972 [Thread-1] INFO  crm.config.DatabaseConnection - Connection pool închis
2026-06-13 14:21:53.972 [Thread-1] INFO  crm.CrmApplication - Aplicație oprită.
2026-06-13 14:22:13.434 [main] INFO  crm.config.AppConfig - Valori default încărcate
2026-06-13 14:22:13.436 [main] WARN  crm.config.AppConfig - Fișier nu găsit, folosesc valori default
2026-06-13 14:22:13.443 [main] INFO  com.zaxxer.hikari.HikariDataSource - CrmHikariPool - Starting...
2026-06-13 14:22:13.544 [main] INFO  com.zaxxer.hikari.HikariDataSource - CrmHikariPool - Start completed.
2026-06-13 14:22:13.544 [main] INFO  crm.config.DatabaseConnection - Connection pool inițializat cu succes (size: 20)
2026-06-13 14:22:13.559 [main] INFO  crm.facade.CrmFacade - CrmFacade inițializat
2026-06-13 14:22:22.728 [AWT-EventQueue-0] INFO  crm.CrmApplication - Aplicație: CRM Training IT v1.0.0
2026-06-13 14:22:22.728 [AWT-EventQueue-0] INFO  crm.CrmApplication - Conexiune DB inițializată
2026-06-13 14:22:22.729 [AWT-EventQueue-0] INFO  crm.observer.EventBus - Observer global înregistrat: AuditLogObserver
2026-06-13 14:22:22.730 [AWT-EventQueue-0] INFO  crm.observer.EventBus - Observer înregistrat pentru evenimentul 'CONTACT_CREATED': WelcomeEmailObserver
2026-06-13 14:22:22.731 [AWT-EventQueue-0] INFO  crm.observer.EventBus - Observer înregistrat pentru evenimentul 'ENROLLMENT_CREATED': EnrollmentConfirmationObserver
2026-06-13 14:22:22.731 [AWT-EventQueue-0] INFO  crm.observer.EventBus - Observer înregistrat pentru evenimentul 'ACTIVITY_COMPLETED': LeadScoreUpdateObserver
2026-06-13 14:22:22.731 [AWT-EventQueue-0] INFO  crm.CrmApplication - Observer-i înregistrați cu succes
2026-06-13 14:22:29.101 [Thread-4] INFO  crm.CrmApplication - Oprire aplicație - cleanup resurse...
2026-06-13 14:22:29.102 [Thread-4] INFO  com.zaxxer.hikari.HikariDataSource - CrmHikariPool - Shutdown initiated...
2026-06-13 14:22:29.106 [Thread-4] INFO  com.zaxxer.hikari.HikariDataSource - CrmHikariPool - Shutdown completed.
2026-06-13 14:22:29.106 [Thread-4] INFO  crm.config.DatabaseConnection - Connection pool închis
2026-06-13 14:22:29.106 [Thread-4] INFO  crm.CrmApplication - Aplicație oprită.
2026-06-13 14:22:48.693 [main] INFO  crm.config.AppConfig - Valori default încărcate
2026-06-13 14:22:48.695 [main] WARN  crm.config.AppConfig - Fișier nu găsit, folosesc valori default
2026-06-13 14:22:48.702 [main] INFO  com.zaxxer.hikari.HikariDataSource - CrmHikariPool - Starting...
2026-06-13 14:22:48.816 [main] INFO  com.zaxxer.hikari.HikariDataSource - CrmHikariPool - Start completed.
2026-06-13 14:22:48.817 [main] INFO  crm.config.DatabaseConnection - Connection pool inițializat cu succes (size: 20)
2026-06-13 14:22:48.833 [main] INFO  crm.facade.CrmFacade - CrmFacade inițializat
2026-06-13 14:22:54.667 [AWT-EventQueue-0] INFO  crm.CrmApplication - Aplicație: CRM Training IT v1.0.0
2026-06-13 14:22:54.667 [AWT-EventQueue-0] INFO  crm.CrmApplication - Conexiune DB inițializată
2026-06-13 14:22:54.668 [AWT-EventQueue-0] INFO  crm.observer.EventBus - Observer global înregistrat: AuditLogObserver
2026-06-13 14:22:54.670 [AWT-EventQueue-0] INFO  crm.observer.EventBus - Observer înregistrat pentru evenimentul 'CONTACT_CREATED': WelcomeEmailObserver
2026-06-13 14:22:54.670 [AWT-EventQueue-0] INFO  crm.observer.EventBus - Observer înregistrat pentru evenimentul 'ENROLLMENT_CREATED': EnrollmentConfirmationObserver
2026-06-13 14:22:54.670 [AWT-EventQueue-0] INFO  crm.observer.EventBus - Observer înregistrat pentru evenimentul 'ACTIVITY_COMPLETED': LeadScoreUpdateObserver
2026-06-13 14:22:54.670 [AWT-EventQueue-0] INFO  crm.CrmApplication - Observer-i înregistrați cu succes
2026-06-13 14:22:55.795 [AWT-EventQueue-0] INFO  crm.CrmApplication - Aplicație: CRM Training IT v1.0.0
2026-06-13 14:22:55.795 [AWT-EventQueue-0] INFO  crm.CrmApplication - Conexiune DB inițializată
2026-06-13 14:22:55.795 [AWT-EventQueue-0] INFO  crm.observer.EventBus - Observer global înregistrat: AuditLogObserver
2026-06-13 14:22:55.795 [AWT-EventQueue-0] INFO  crm.observer.EventBus - Observer înregistrat pentru evenimentul 'CONTACT_CREATED': WelcomeEmailObserver
2026-06-13 14:22:55.795 [AWT-EventQueue-0] INFO  crm.observer.EventBus - Observer înregistrat pentru evenimentul 'ENROLLMENT_CREATED': EnrollmentConfirmationObserver
2026-06-13 14:22:55.795 [AWT-EventQueue-0] INFO  crm.observer.EventBus - Observer înregistrat pentru evenimentul 'ACTIVITY_COMPLETED': LeadScoreUpdateObserver
2026-06-13 14:22:55.795 [AWT-EventQueue-0] INFO  crm.CrmApplication - Observer-i înregistrați cu succes
2026-06-13 14:22:57.249 [AWT-EventQueue-0] INFO  crm.CrmApplication - Aplicație: CRM Training IT v1.0.0
2026-06-13 14:22:57.249 [AWT-EventQueue-0] INFO  crm.CrmApplication - Conexiune DB inițializată
2026-06-13 14:22:57.249 [AWT-EventQueue-0] INFO  crm.observer.EventBus - Observer global înregistrat: AuditLogObserver
2026-06-13 14:22:57.249 [AWT-EventQueue-0] INFO  crm.observer.EventBus - Observer înregistrat pentru evenimentul 'CONTACT_CREATED': WelcomeEmailObserver
2026-06-13 14:22:57.249 [AWT-EventQueue-0] INFO  crm.observer.EventBus - Observer înregistrat pentru evenimentul 'ENROLLMENT_CREATED': EnrollmentConfirmationObserver
2026-06-13 14:22:57.249 [AWT-EventQueue-0] INFO  crm.observer.EventBus - Observer înregistrat pentru evenimentul 'ACTIVITY_COMPLETED': LeadScoreUpdateObserver
2026-06-13 14:22:57.249 [AWT-EventQueue-0] INFO  crm.CrmApplication - Observer-i înregistrați cu succes
2026-06-13 14:23:06.185 [AWT-EventQueue-0] INFO  crm.CrmApplication - Aplicație: CRM Training IT v1.0.0
2026-06-13 14:23:06.185 [AWT-EventQueue-0] INFO  crm.CrmApplication - Conexiune DB inițializată
2026-06-13 14:23:06.185 [AWT-EventQueue-0] INFO  crm.observer.EventBus - Observer global înregistrat: AuditLogObserver
2026-06-13 14:23:06.185 [AWT-EventQueue-0] INFO  crm.observer.EventBus - Observer înregistrat pentru evenimentul 'CONTACT_CREATED': WelcomeEmailObserver
2026-06-13 14:23:06.185 [AWT-EventQueue-0] INFO  crm.observer.EventBus - Observer înregistrat pentru evenimentul 'ENROLLMENT_CREATED': EnrollmentConfirmationObserver
2026-06-13 14:23:06.185 [AWT-EventQueue-0] INFO  crm.observer.EventBus - Observer înregistrat pentru evenimentul 'ACTIVITY_COMPLETED': LeadScoreUpdateObserver
2026-06-13 14:23:06.186 [AWT-EventQueue-0] INFO  crm.CrmApplication - Observer-i înregistrați cu succes
2026-06-13 14:23:40.977 [Thread-4] INFO  crm.CrmApplication - Oprire aplicație - cleanup resurse...
2026-06-13 14:23:40.978 [Thread-4] INFO  com.zaxxer.hikari.HikariDataSource - CrmHikariPool - Shutdown initiated...
2026-06-13 14:23:40.981 [Thread-4] INFO  com.zaxxer.hikari.HikariDataSource - CrmHikariPool - Shutdown completed.
2026-06-13 14:23:40.982 [Thread-4] INFO  crm.config.DatabaseConnection - Connection pool închis
2026-06-13 14:23:40.982 [Thread-4] INFO  crm.CrmApplication - Aplicație oprită.
2026-06-13 14:24:01.449 [main] INFO  crm.config.AppConfig - Valori default încărcate
2026-06-13 14:24:01.451 [main] WARN  crm.config.AppConfig - Fișier nu găsit, folosesc valori default
2026-06-13 14:24:01.458 [main] INFO  com.zaxxer.hikari.HikariDataSource - CrmHikariPool - Starting...
2026-06-13 14:24:01.571 [main] INFO  com.zaxxer.hikari.HikariDataSource - CrmHikariPool - Start completed.
2026-06-13 14:24:01.571 [main] INFO  crm.config.DatabaseConnection - Connection pool inițializat cu succes (size: 20)
2026-06-13 14:24:01.590 [main] INFO  crm.facade.CrmFacade - CrmFacade inițializat
2026-06-13 14:24:13.392 [AWT-EventQueue-0] INFO  crm.CrmApplication - Aplicație: CRM Training IT v1.0.0
2026-06-13 14:24:13.392 [AWT-EventQueue-0] INFO  crm.CrmApplication - Conexiune DB inițializată
2026-06-13 14:24:13.393 [AWT-EventQueue-0] INFO  crm.observer.EventBus - Observer global înregistrat: AuditLogObserver
2026-06-13 14:24:13.394 [AWT-EventQueue-0] INFO  crm.observer.EventBus - Observer înregistrat pentru evenimentul 'CONTACT_CREATED': WelcomeEmailObserver
2026-06-13 14:24:13.394 [AWT-EventQueue-0] INFO  crm.observer.EventBus - Observer înregistrat pentru evenimentul 'ENROLLMENT_CREATED': EnrollmentConfirmationObserver
2026-06-13 14:24:13.395 [AWT-EventQueue-0] INFO  crm.observer.EventBus - Observer înregistrat pentru evenimentul 'ACTIVITY_COMPLETED': LeadScoreUpdateObserver
2026-06-13 14:24:13.395 [AWT-EventQueue-0] INFO  crm.CrmApplication - Observer-i înregistrați cu succes
2026-06-13 14:24:13.396 [AWT-EventQueue-0] DEBUG crm.command.CommandInvoker - Invocare comandă: UpdateLeadStatusCommand
2026-06-13 14:24:13.396 [AWT-EventQueue-0] DEBUG crm.command.contact.UpdateLeadStatusCommand - Executare comandă: UpdateLeadStatusCommand
2026-06-13 14:24:13.424 [AWT-EventQueue-0] DEBUG crm.repository.ContactRepository - Salvare Contact : Contact(super=crm.model.entity.Contact@4c5e540, contactType=INDIVIDUAL, firstName=Alexandru, lastName=Balasa, birthDate=null, companyName=null, fiscalCode=null, registrationNumber=null, industry=null, employeeCount=null, email=alexandru.balasa@gmail.com, phone=+40 737 122 911, addressStreet=null, addressCity=null, addressCounty=null, addressPostalCode=null, leadSource=WEBSITE, leadStatus=QUALIFIED, leadScore=100, experienceLevel=BEGINNER, learningGoal=Reconversie profesională, firstContactDate=2026-06-06T13:34:24, lastContactDate=2026-06-13T14:24:13.422, assignedTo=null, gdprConsent=true, gdprConsentDate=2026-06-06T13:34:24, marketingConsent=false)
2026-06-13 14:24:13.428 [AWT-EventQueue-0] DEBUG crm.dao.ContactDao - Entitate actualizată în contacts: ID=7
2026-06-13 14:24:13.428 [AWT-EventQueue-0] DEBUG crm.observer.EventBus - Notificare eveniment: LEAD_STATUS_CHANGED de la ContactService
2026-06-13 14:24:13.431 [AWT-EventQueue-0] INFO  crm.service.contact.ContactService - Status schimbat pentru contact 7: NEW -> QUALIFIED
2026-06-13 14:24:13.431 [AWT-EventQueue-0] DEBUG crm.command.contact.UpdateLeadStatusCommand - Comandă finalizată: UpdateLeadStatusCommand (durata: 35ms)
2026-06-13 14:24:20.818 [Thread-4] INFO  crm.CrmApplication - Oprire aplicație - cleanup resurse...
2026-06-13 14:24:20.818 [Thread-4] INFO  com.zaxxer.hikari.HikariDataSource - CrmHikariPool - Shutdown initiated...
2026-06-13 14:24:20.824 [Thread-4] INFO  com.zaxxer.hikari.HikariDataSource - CrmHikariPool - Shutdown completed.
2026-06-13 14:24:20.824 [Thread-4] INFO  crm.config.DatabaseConnection - Connection pool închis
2026-06-13 14:24:20.824 [Thread-4] INFO  crm.CrmApplication - Aplicație oprită.
2026-06-13 14:24:31.103 [main] INFO  crm.config.AppConfig - Valori default încărcate
2026-06-13 14:24:31.106 [main] WARN  crm.config.AppConfig - Fișier nu găsit, folosesc valori default
2026-06-13 14:24:31.114 [main] INFO  com.zaxxer.hikari.HikariDataSource - CrmHikariPool - Starting...
2026-06-13 14:24:31.241 [main] INFO  com.zaxxer.hikari.HikariDataSource - CrmHikariPool - Start completed.
2026-06-13 14:24:31.241 [main] INFO  crm.config.DatabaseConnection - Connection pool inițializat cu succes (size: 20)
2026-06-13 14:24:31.260 [main] INFO  crm.facade.CrmFacade - CrmFacade inițializat
2026-06-13 14:24:52.492 [AWT-EventQueue-0] INFO  crm.CrmApplication - Aplicație: CRM Training IT v1.0.0
2026-06-13 14:24:52.492 [AWT-EventQueue-0] INFO  crm.CrmApplication - Conexiune DB inițializată
2026-06-13 14:24:52.493 [AWT-EventQueue-0] INFO  crm.observer.EventBus - Observer global înregistrat: AuditLogObserver
2026-06-13 14:24:52.494 [AWT-EventQueue-0] INFO  crm.observer.EventBus - Observer înregistrat pentru evenimentul 'CONTACT_CREATED': WelcomeEmailObserver
2026-06-13 14:24:52.494 [AWT-EventQueue-0] INFO  crm.observer.EventBus - Observer înregistrat pentru evenimentul 'ENROLLMENT_CREATED': EnrollmentConfirmationObserver
2026-06-13 14:24:52.495 [AWT-EventQueue-0] INFO  crm.observer.EventBus - Observer înregistrat pentru evenimentul 'ACTIVITY_COMPLETED': LeadScoreUpdateObserver
2026-06-13 14:24:52.495 [AWT-EventQueue-0] INFO  crm.CrmApplication - Observer-i înregistrați cu succes
2026-06-13 14:24:52.502 [AWT-EventQueue-0] DEBUG crm.repository.ActivityRepository - Salvare Activity : Activity(super=crm.model.entity.Activity@2882d801, activityType=MEETING, contactId=7, opportunityId=null, subject=MEETING, description=null, scheduledDate=2026-06-14T14:24:52.499, completedDate=null, durationMinutes=60, assignedTo=1, status=SCHEDULED, priority=HIGH, outcome=null, nextSteps=null, requiresFollowup=null, followupDate=null, createdBy=null)
2026-06-13 14:24:52.518 [AWT-EventQueue-0] DEBUG crm.dao.ActivityDao - Entitate salvată în activities: ID=7
2026-06-13 14:24:52.523 [AWT-EventQueue-0] INFO  crm.service.activity.ActivityService - Activitate creată: MEETING (tip: MEETING)
2026-06-13 14:25:01.836 [Thread-4] INFO  crm.CrmApplication - Oprire aplicație - cleanup resurse...
2026-06-13 14:25:01.837 [Thread-4] INFO  com.zaxxer.hikari.HikariDataSource - CrmHikariPool - Shutdown initiated...
2026-06-13 14:25:01.841 [Thread-4] INFO  com.zaxxer.hikari.HikariDataSource - CrmHikariPool - Shutdown completed.
2026-06-13 14:25:01.841 [Thread-4] INFO  crm.config.DatabaseConnection - Connection pool închis
2026-06-13 14:25:01.841 [Thread-4] INFO  crm.CrmApplication - Aplicație oprită.
2026-06-13 14:25:34.008 [main] INFO  crm.config.AppConfig - Valori default încărcate
2026-06-13 14:25:34.010 [main] WARN  crm.config.AppConfig - Fișier nu găsit, folosesc valori default
2026-06-13 14:25:34.017 [main] INFO  com.zaxxer.hikari.HikariDataSource - CrmHikariPool - Starting...
2026-06-13 14:25:34.118 [main] INFO  com.zaxxer.hikari.HikariDataSource - CrmHikariPool - Start completed.
2026-06-13 14:25:34.119 [main] INFO  crm.config.DatabaseConnection - Connection pool inițializat cu succes (size: 20)
2026-06-13 14:25:34.196 [main] INFO  crm.facade.CrmFacade - CrmFacade inițializat
2026-06-13 14:26:22.777 [AWT-EventQueue-0] INFO  crm.CrmApplication - Aplicație: CRM Training IT v1.0.0
2026-06-13 14:26:22.777 [AWT-EventQueue-0] INFO  crm.CrmApplication - Conexiune DB inițializată
2026-06-13 14:26:22.782 [AWT-EventQueue-0] INFO  crm.observer.EventBus - Observer global înregistrat: AuditLogObserver
2026-06-13 14:26:22.786 [AWT-EventQueue-0] INFO  crm.observer.EventBus - Observer înregistrat pentru evenimentul 'CONTACT_CREATED': WelcomeEmailObserver
2026-06-13 14:26:22.788 [AWT-EventQueue-0] INFO  crm.observer.EventBus - Observer înregistrat pentru evenimentul 'ENROLLMENT_CREATED': EnrollmentConfirmationObserver
2026-06-13 14:26:22.790 [AWT-EventQueue-0] INFO  crm.observer.EventBus - Observer înregistrat pentru evenimentul 'ACTIVITY_COMPLETED': LeadScoreUpdateObserver
2026-06-13 14:26:22.791 [AWT-EventQueue-0] INFO  crm.CrmApplication - Observer-i înregistrați cu succes
2026-06-13 14:26:22.803 [AWT-EventQueue-0] DEBUG crm.command.CommandInvoker - Invocare comandă: CreateOpportunityCommand
2026-06-13 14:26:22.803 [AWT-EventQueue-0] DEBUG crm.command.opportunity.CreateOpportunityCommand - Executare comandă: CreateOpportunityCommand
2026-06-13 14:26:22.803 [AWT-EventQueue-0] DEBUG crm.repository.OpportunityRepository - Salvare Opportunity : Opportunity(super=crm.model.entity.Opportunity@2e527b83, clientId=3, title=Java Swing, description=null, estimatedParticipants=5, customRequirements=null, deliveryMode=ON_SITE, preferredLocation=null, desiredStartDate=null, estimatedValue=2000, quotedValue=null, probabilityPercent=10, stage=LEAD_QUALIFICATION, expectedCloseDate=2026-08-13, actualCloseDate=null, assignedTo=null, competitors=null, lostReason=null)
2026-06-13 14:26:22.818 [AWT-EventQueue-0] DEBUG crm.dao.OpportunityDao - Entitate salvată în opportunities: ID=6
2026-06-13 14:26:22.822 [AWT-EventQueue-0] INFO  crm.service.opportunity.OpportunityService - Oportunitate creată: Java Swing (client=3, valoare=2000)
2026-06-13 14:26:22.822 [AWT-EventQueue-0] DEBUG crm.command.opportunity.CreateOpportunityCommand - Comandă finalizată: CreateOpportunityCommand (durata: 19ms)
2026-06-13 14:26:32.696 [Thread-4] INFO  crm.CrmApplication - Oprire aplicație - cleanup resurse...
2026-06-13 14:26:32.697 [Thread-4] INFO  com.zaxxer.hikari.HikariDataSource - CrmHikariPool - Shutdown initiated...
2026-06-13 14:26:32.700 [Thread-4] INFO  com.zaxxer.hikari.HikariDataSource - CrmHikariPool - Shutdown completed.
2026-06-13 14:26:32.700 [Thread-4] INFO  crm.config.DatabaseConnection - Connection pool închis
2026-06-13 14:26:32.700 [Thread-4] INFO  crm.CrmApplication - Aplicație oprită.
2026-06-13 14:26:40.353 [main] INFO  crm.config.AppConfig - Valori default încărcate
2026-06-13 14:26:40.356 [main] WARN  crm.config.AppConfig - Fișier nu găsit, folosesc valori default
2026-06-13 14:26:40.364 [main] INFO  com.zaxxer.hikari.HikariDataSource - CrmHikariPool - Starting...
2026-06-13 14:26:40.476 [main] INFO  com.zaxxer.hikari.HikariDataSource - CrmHikariPool - Start completed.
2026-06-13 14:26:40.476 [main] INFO  crm.config.DatabaseConnection - Connection pool inițializat cu succes (size: 20)
2026-06-13 14:26:40.493 [main] INFO  crm.facade.CrmFacade - CrmFacade inițializat
